{"timestamp":"2026-07-12T15:15:04.900921Z","level":"info","event":"::group::Pre Execute","logger":"task","filename":"task_runner.py","lineno":1926}
{"timestamp":"2026-07-12T15:15:05.305928Z","level":"info","event":"DAG bundles loaded: dags-folder, example_dags","try_number":1,"run_id":"manual__2026-07-12T15:14:47.840102+00:00","dag_id":"ecommerce_pipeline","task_id":"pipeline_summary","ti_id":"019f56e5-2dcd-790e-a2ce-d41bc6d45b24","map_index":-1,"logger":"airflow.dag_processing.bundles.manager.DagBundlesManager","filename":"manager.py","lineno":209}
{"timestamp":"2026-07-12T15:15:05.310564Z","level":"info","event":"Filling up the DagBag from /opt/airflow/dags/ecommerce_pipeline.py","try_number":1,"run_id":"manual__2026-07-12T15:14:47.840102+00:00","dag_id":"ecommerce_pipeline","task_id":"pipeline_summary","ti_id":"019f56e5-2dcd-790e-a2ce-d41bc6d45b24","map_index":-1,"logger":"airflow.dag_processing.dagbag.BundleDagBag","filename":"dagbag.py","lineno":469}
{"timestamp":"2026-07-12T15:15:05.446592Z","level":"warning","event":"The `airflow.decorators.task` attribute is deprecated. Please use `'airflow.sdk.task'`.","category":"UserWarning","filename":"/opt/airflow/dags/ecommerce_pipeline.py","lineno":2,"try_number":1,"run_id":"manual__2026-07-12T15:14:47.840102+00:00","dag_id":"ecommerce_pipeline","task_id":"pipeline_summary","ti_id":"019f56e5-2dcd-790e-a2ce-d41bc6d45b24","map_index":-1,"logger":"py.warnings"}
{"timestamp":"2026-07-12T15:15:05.480389Z","level":"info","event":"Task instance is in running state","logger":"task.stdout"}
{"timestamp":"2026-07-12T15:15:05.481105Z","level":"info","event":" Previous state of the Task instance: TaskInstanceState.QUEUED","logger":"task.stdout"}
{"timestamp":"2026-07-12T15:15:05.481831Z","level":"info","event":"Current task name:pipeline_summary","logger":"task.stdout"}
{"timestamp":"2026-07-12T15:15:05.482485Z","level":"info","event":"Dag name:ecommerce_pipeline","logger":"task.stdout"}
{"timestamp":"2026-07-12T15:15:05.480840Z","level":"info","event":"::endgroup::","try_number":1,"run_id":"manual__2026-07-12T15:14:47.840102+00:00","dag_id":"ecommerce_pipeline","task_id":"pipeline_summary","ti_id":"019f56e5-2dcd-790e-a2ce-d41bc6d45b24","map_index":-1,"logger":"task","filename":"task_runner.py","lineno":1727}
{"timestamp":"2026-07-12T15:15:05.484202Z","level":"info","event":"============================================================","logger":"task.stdout"}
{"timestamp":"2026-07-12T15:15:05.484797Z","level":"info","event":"PIPELINE SUMMARY","logger":"task.stdout"}
{"timestamp":"2026-07-12T15:15:05.485359Z","level":"info","event":"============================================================","logger":"task.stdout"}
{"timestamp":"2026-07-12T15:15:05.485739Z","level":"info","event":"Orders loaded","logger":"task.stdout"}
{"timestamp":"2026-07-12T15:15:05.486051Z","level":"info","event":"Merge completed","logger":"task.stdout"}
{"timestamp":"2026-07-12T15:15:05.486409Z","level":"info","event":"KPI generated","logger":"task.stdout"}
{"timestamp":"2026-07-12T15:15:05.486957Z","level":"info","event":"CSV report generated","logger":"task.stdout"}
{"timestamp":"2026-07-12T15:15:05.487222Z","level":"info","event":"JSON report generated","logger":"task.stdout"}
{"timestamp":"2026-07-12T15:15:05.487595Z","level":"info","event":"MongoDB updated","logger":"task.stdout"}
{"timestamp":"2026-07-12T15:15:05.487978Z","level":"info","event":"Category analysis completed","logger":"task.stdout"}
{"timestamp":"2026-07-12T15:15:05.483398Z","level":"info","event":"Done. Returned value was: True","try_number":1,"run_id":"manual__2026-07-12T15:14:47.840102+00:00","dag_id":"ecommerce_pipeline","task_id":"pipeline_summary","ti_id":"019f56e5-2dcd-790e-a2ce-d41bc6d45b24","map_index":-1,"logger":"airflow.task.operators.airflow.providers.standard.decorators.python._PythonDecoratedOperator","filename":"python.py","lineno":233}
{"timestamp":"2026-07-12T15:15:05.483706Z","level":"info","event":"::group::Post Execute","try_number":1,"run_id":"manual__2026-07-12T15:14:47.840102+00:00","dag_id":"ecommerce_pipeline","task_id":"pipeline_summary","ti_id":"019f56e5-2dcd-790e-a2ce-d41bc6d45b24","map_index":-1,"logger":"task","filename":"task_runner.py","lineno":1288}
{"timestamp":"2026-07-12T15:15:05.484063Z","level":"info","event":"Pushing xcom","ti":"RuntimeTaskInstance(id=UUID('019f56e5-2dcd-790e-a2ce-d41bc6d45b24'), task_id='pipeline_summary', dag_id='ecommerce_pipeline', run_id='manual__2026-07-12T15:14:47.840102+00:00', try_number=1, dag_version_id=UUID('019f56e4-57d3-727b-9e35-e9efafcc99de'), map_index=-1, hostname='feb86900a43e', context_carrier={'traceparent': '00-b325995abe5076c8b68319932e074f1d-7f1f1760953bc151-01'}, task=<Task(_PythonDecoratedOperator): pipeline_summary>, bundle_instance=LocalDagBundle(name=dags-folder), max_tries=0, start_date=datetime.datetime(2026, 7, 12, 15, 15, 4, 906399, tzinfo=datetime.timezone.utc), end_date=None, state=<TaskInstanceState.RUNNING: 'running'>, is_mapped=False, rendered_map_index=None, sentry_integration='')","try_number":1,"run_id":"manual__2026-07-12T15:14:47.840102+00:00","dag_id":"ecommerce_pipeline","task_id":"pipeline_summary","ti_id":"019f56e5-2dcd-790e-a2ce-d41bc6d45b24","map_index":-1,"logger":"task","filename":"task_runner.py","lineno":1791}
{"timestamp":"2026-07-12T15:15:05.528769Z","level":"info","event":"Task instance in success state","logger":"task.stdout"}
{"timestamp":"2026-07-12T15:15:05.529731Z","level":"info","event":" Previous state of the Task instance: TaskInstanceState.RUNNING","logger":"task.stdout"}
{"timestamp":"2026-07-12T15:15:05.530912Z","level":"info","event":"Task operator:<Task(_PythonDecoratedOperator): pipeline_summary>","logger":"task.stdout"}
{"timestamp":"2026-07-12T15:15:05.529080Z","level":"info","event":"::endgroup::","try_number":1,"run_id":"manual__2026-07-12T15:14:47.840102+00:00","dag_id":"ecommerce_pipeline","task_id":"pipeline_summary","ti_id":"019f56e5-2dcd-790e-a2ce-d41bc6d45b24","map_index":-1,"logger":"task","filename":"task_runner.py","lineno":1896}
