{"timestamp":"2026-07-12T15:05:14.603812Z","level":"info","event":"::group::Pre Execute","logger":"task","filename":"task_runner.py","lineno":1926}
{"timestamp":"2026-07-12T15:05:15.129454Z","level":"info","event":"DAG bundles loaded: dags-folder, example_dags","try_number":1,"task_id":"pipeline_summary","run_id":"manual__2026-07-12T15:04:57.875806+00:00","dag_id":"ecommerce_pipeline","map_index":-1,"ti_id":"019f56dc-2d41-7ba7-a4e1-a8c4d4f1fe08","logger":"airflow.dag_processing.bundles.manager.DagBundlesManager","filename":"manager.py","lineno":209}
{"timestamp":"2026-07-12T15:05:15.132958Z","level":"info","event":"Filling up the DagBag from /opt/airflow/dags/ecommerce_pipeline.py","try_number":1,"task_id":"pipeline_summary","run_id":"manual__2026-07-12T15:04:57.875806+00:00","dag_id":"ecommerce_pipeline","map_index":-1,"ti_id":"019f56dc-2d41-7ba7-a4e1-a8c4d4f1fe08","logger":"airflow.dag_processing.dagbag.BundleDagBag","filename":"dagbag.py","lineno":469}
{"timestamp":"2026-07-12T15:05:15.239616Z","level":"warning","event":"The `airflow.decorators.task` attribute is deprecated. Please use `'airflow.sdk.task'`.","category":"UserWarning","filename":"/opt/airflow/dags/ecommerce_pipeline.py","lineno":2,"try_number":1,"task_id":"pipeline_summary","run_id":"manual__2026-07-12T15:04:57.875806+00:00","dag_id":"ecommerce_pipeline","map_index":-1,"ti_id":"019f56dc-2d41-7ba7-a4e1-a8c4d4f1fe08","logger":"py.warnings"}
{"timestamp":"2026-07-12T15:05:15.267916Z","level":"info","event":"Task instance is in running state","logger":"task.stdout"}
{"timestamp":"2026-07-12T15:05:15.268821Z","level":"info","event":" Previous state of the Task instance: TaskInstanceState.QUEUED","logger":"task.stdout"}
{"timestamp":"2026-07-12T15:05:15.269729Z","level":"info","event":"Current task name:pipeline_summary","logger":"task.stdout"}
{"timestamp":"2026-07-12T15:05:15.270581Z","level":"info","event":"Dag name:ecommerce_pipeline","logger":"task.stdout"}
{"timestamp":"2026-07-12T15:05:15.268368Z","level":"info","event":"::endgroup::","try_number":1,"task_id":"pipeline_summary","run_id":"manual__2026-07-12T15:04:57.875806+00:00","dag_id":"ecommerce_pipeline","map_index":-1,"ti_id":"019f56dc-2d41-7ba7-a4e1-a8c4d4f1fe08","logger":"task","filename":"task_runner.py","lineno":1727}
{"timestamp":"2026-07-12T15:05:15.270424Z","level":"info","event":"Done. Returned value was: True","try_number":1,"task_id":"pipeline_summary","run_id":"manual__2026-07-12T15:04:57.875806+00:00","dag_id":"ecommerce_pipeline","map_index":-1,"ti_id":"019f56dc-2d41-7ba7-a4e1-a8c4d4f1fe08","logger":"airflow.task.operators.airflow.providers.standard.decorators.python._PythonDecoratedOperator","filename":"python.py","lineno":233}
{"timestamp":"2026-07-12T15:05:15.270652Z","level":"info","event":"::group::Post Execute","try_number":1,"task_id":"pipeline_summary","run_id":"manual__2026-07-12T15:04:57.875806+00:00","dag_id":"ecommerce_pipeline","map_index":-1,"ti_id":"019f56dc-2d41-7ba7-a4e1-a8c4d4f1fe08","logger":"task","filename":"task_runner.py","lineno":1288}
{"timestamp":"2026-07-12T15:05:15.270880Z","level":"info","event":"Pushing xcom","ti":"RuntimeTaskInstance(id=UUID('019f56dc-2d41-7ba7-a4e1-a8c4d4f1fe08'), task_id='pipeline_summary', dag_id='ecommerce_pipeline', run_id='manual__2026-07-12T15:04:57.875806+00:00', try_number=1, dag_version_id=UUID('019f56c8-2878-75bb-b0d3-a51d098a9b16'), map_index=-1, hostname='feb86900a43e', context_carrier={'traceparent': '00-9b1d6ae4c0ee9fa5cade841d70f8db94-27cefcf38e24d489-01'}, task=<Task(_PythonDecoratedOperator): pipeline_summary>, bundle_instance=LocalDagBundle(name=dags-folder), max_tries=0, start_date=datetime.datetime(2026, 7, 12, 15, 5, 14, 631296, tzinfo=datetime.timezone.utc), end_date=None, state=<TaskInstanceState.RUNNING: 'running'>, is_mapped=False, rendered_map_index=None, sentry_integration='')","try_number":1,"task_id":"pipeline_summary","run_id":"manual__2026-07-12T15:04:57.875806+00:00","dag_id":"ecommerce_pipeline","map_index":-1,"ti_id":"019f56dc-2d41-7ba7-a4e1-a8c4d4f1fe08","logger":"task","filename":"task_runner.py","lineno":1791}
{"timestamp":"2026-07-12T15:05:15.274512Z","level":"info","event":"============================================================","logger":"task.stdout"}
{"timestamp":"2026-07-12T15:05:15.275136Z","level":"info","event":"PIPELINE SUMMARY","logger":"task.stdout"}
{"timestamp":"2026-07-12T15:05:15.275649Z","level":"info","event":"============================================================","logger":"task.stdout"}
{"timestamp":"2026-07-12T15:05:15.276050Z","level":"info","event":"Orders loaded","logger":"task.stdout"}
{"timestamp":"2026-07-12T15:05:15.276571Z","level":"info","event":"Merge completed","logger":"task.stdout"}
{"timestamp":"2026-07-12T15:05:15.276922Z","level":"info","event":"KPI generated","logger":"task.stdout"}
{"timestamp":"2026-07-12T15:05:15.277418Z","level":"info","event":"CSV report generated","logger":"task.stdout"}
{"timestamp":"2026-07-12T15:05:15.277863Z","level":"info","event":"JSON report generated","logger":"task.stdout"}
{"timestamp":"2026-07-12T15:05:15.278209Z","level":"info","event":"MongoDB updated","logger":"task.stdout"}
{"timestamp":"2026-07-12T15:05:15.278638Z","level":"info","event":"Category analysis completed","logger":"task.stdout"}
{"timestamp":"2026-07-12T15:05:15.318919Z","level":"info","event":"Task instance in success state","logger":"task.stdout"}
{"timestamp":"2026-07-12T15:05:15.319659Z","level":"info","event":" Previous state of the Task instance: TaskInstanceState.RUNNING","logger":"task.stdout"}
{"timestamp":"2026-07-12T15:05:15.320499Z","level":"info","event":"Task operator:<Task(_PythonDecoratedOperator): pipeline_summary>","logger":"task.stdout"}
{"timestamp":"2026-07-12T15:05:15.319319Z","level":"info","event":"::endgroup::","try_number":1,"task_id":"pipeline_summary","run_id":"manual__2026-07-12T15:04:57.875806+00:00","dag_id":"ecommerce_pipeline","map_index":-1,"ti_id":"019f56dc-2d41-7ba7-a4e1-a8c4d4f1fe08","logger":"task","filename":"task_runner.py","lineno":1896}
