{"timestamp":"2026-07-12T14:12:53.519732Z","level":"info","event":"::group::Pre Execute","logger":"task","filename":"task_runner.py","lineno":1926}
{"timestamp":"2026-07-12T14:12:53.917322Z","level":"info","event":"DAG bundles loaded: dags-folder, example_dags","task_id":"generate_report","ti_id":"019f56ac-5f1b-75e5-8f05-3359d472831b","try_number":1,"map_index":-1,"dag_id":"ecommerce_pipeline","run_id":"manual__2026-07-12T14:12:44.936517+00:00","logger":"airflow.dag_processing.bundles.manager.DagBundlesManager","filename":"manager.py","lineno":209}
{"timestamp":"2026-07-12T14:12:53.921299Z","level":"info","event":"Filling up the DagBag from /opt/airflow/dags/ecommerce_pipeline.py","task_id":"generate_report","ti_id":"019f56ac-5f1b-75e5-8f05-3359d472831b","try_number":1,"map_index":-1,"dag_id":"ecommerce_pipeline","run_id":"manual__2026-07-12T14:12:44.936517+00:00","logger":"airflow.dag_processing.dagbag.BundleDagBag","filename":"dagbag.py","lineno":469}
{"timestamp":"2026-07-12T14:12:53.973542Z","level":"warning","event":"The `airflow.decorators.task` attribute is deprecated. Please use `'airflow.sdk.task'`.","category":"UserWarning","filename":"/opt/airflow/dags/ecommerce_pipeline.py","lineno":2,"task_id":"generate_report","ti_id":"019f56ac-5f1b-75e5-8f05-3359d472831b","try_number":1,"map_index":-1,"dag_id":"ecommerce_pipeline","run_id":"manual__2026-07-12T14:12:44.936517+00:00","logger":"py.warnings"}
{"timestamp":"2026-07-12T14:12:54.002554Z","level":"info","event":"Task instance is in running state","logger":"task.stdout"}
{"timestamp":"2026-07-12T14:12:54.003203Z","level":"info","event":" Previous state of the Task instance: TaskInstanceState.QUEUED","logger":"task.stdout"}
{"timestamp":"2026-07-12T14:12:54.003877Z","level":"info","event":"Current task name:generate_report","logger":"task.stdout"}
{"timestamp":"2026-07-12T14:12:54.004610Z","level":"info","event":"Dag name:ecommerce_pipeline","logger":"task.stdout"}
{"timestamp":"2026-07-12T14:12:54.002970Z","level":"info","event":"::endgroup::","task_id":"generate_report","ti_id":"019f56ac-5f1b-75e5-8f05-3359d472831b","try_number":1,"map_index":-1,"dag_id":"ecommerce_pipeline","run_id":"manual__2026-07-12T14:12:44.936517+00:00","logger":"task","filename":"task_runner.py","lineno":1727}
{"timestamp":"2026-07-12T14:12:55.699917Z","level":"info","event":"          Metric            Value","logger":"task.stdout"}
{"timestamp":"2026-07-12T14:12:55.700906Z","level":"info","event":"0   Total Orders            98666","logger":"task.stdout"}
{"timestamp":"2026-07-12T14:12:55.701699Z","level":"info","event":"1    Total Sales       13591643.7","logger":"task.stdout"}
{"timestamp":"2026-07-12T14:12:55.702384Z","level":"info","event":"2  Average Price           120.65","logger":"task.stdout"}
{"timestamp":"2026-07-12T14:12:55.703032Z","level":"info","event":"3   Top Category  cama_mesa_banho","logger":"task.stdout"}
{"timestamp":"2026-07-12T14:12:55.732500Z","level":"info","event":"Done. Returned value was: /opt/airflow/reports/kpi_report.csv","task_id":"generate_report","ti_id":"019f56ac-5f1b-75e5-8f05-3359d472831b","try_number":1,"map_index":-1,"dag_id":"ecommerce_pipeline","run_id":"manual__2026-07-12T14:12:44.936517+00:00","logger":"airflow.task.operators.airflow.providers.standard.decorators.python._PythonDecoratedOperator","filename":"python.py","lineno":233}
{"timestamp":"2026-07-12T14:12:55.732863Z","level":"info","event":"::group::Post Execute","task_id":"generate_report","ti_id":"019f56ac-5f1b-75e5-8f05-3359d472831b","try_number":1,"map_index":-1,"dag_id":"ecommerce_pipeline","run_id":"manual__2026-07-12T14:12:44.936517+00:00","logger":"task","filename":"task_runner.py","lineno":1288}
{"timestamp":"2026-07-12T14:12:55.733119Z","level":"info","event":"Pushing xcom","ti":"RuntimeTaskInstance(id=UUID('019f56ac-5f1b-75e5-8f05-3359d472831b'), task_id='generate_report', dag_id='ecommerce_pipeline', run_id='manual__2026-07-12T14:12:44.936517+00:00', try_number=1, dag_version_id=UUID('019f56ab-84a1-70e0-9de6-63e590ca1e5c'), map_index=-1, hostname='feb86900a43e', context_carrier={'traceparent': '00-8760918ff53dea19b52d4eba392b1ab9-092db6b2b9c6ca62-01'}, task=<Task(_PythonDecoratedOperator): generate_report>, bundle_instance=LocalDagBundle(name=dags-folder), max_tries=0, start_date=datetime.datetime(2026, 7, 12, 14, 12, 53, 523780, tzinfo=datetime.timezone.utc), end_date=None, state=<TaskInstanceState.RUNNING: 'running'>, is_mapped=False, rendered_map_index=None, sentry_integration='')","task_id":"generate_report","ti_id":"019f56ac-5f1b-75e5-8f05-3359d472831b","try_number":1,"map_index":-1,"dag_id":"ecommerce_pipeline","run_id":"manual__2026-07-12T14:12:44.936517+00:00","logger":"task","filename":"task_runner.py","lineno":1791}
{"timestamp":"2026-07-12T14:12:55.768456Z","level":"info","event":"Task instance in success state","logger":"task.stdout"}
{"timestamp":"2026-07-12T14:12:55.769173Z","level":"info","event":" Previous state of the Task instance: TaskInstanceState.RUNNING","logger":"task.stdout"}
{"timestamp":"2026-07-12T14:12:55.769821Z","level":"info","event":"Task operator:<Task(_PythonDecoratedOperator): generate_report>","logger":"task.stdout"}
{"timestamp":"2026-07-12T14:12:55.768758Z","level":"info","event":"::endgroup::","task_id":"generate_report","ti_id":"019f56ac-5f1b-75e5-8f05-3359d472831b","try_number":1,"map_index":-1,"dag_id":"ecommerce_pipeline","run_id":"manual__2026-07-12T14:12:44.936517+00:00","logger":"task","filename":"task_runner.py","lineno":1896}
