{"timestamp":"2026-07-12T15:04:24.465853Z","level":"info","event":"::group::Pre Execute","logger":"task","filename":"task_runner.py","lineno":1926}
{"timestamp":"2026-07-12T15:04:24.903307Z","level":"info","event":"DAG bundles loaded: dags-folder, example_dags","task_id":"pipeline_summary","ti_id":"019f56db-5deb-780c-bde9-cf5f25230873","try_number":1,"map_index":-1,"dag_id":"ecommerce_pipeline","run_id":"manual__2026-07-12T15:04:04.783965+00:00","logger":"airflow.dag_processing.bundles.manager.DagBundlesManager","filename":"manager.py","lineno":209}
{"timestamp":"2026-07-12T15:04:24.906895Z","level":"info","event":"Filling up the DagBag from /opt/airflow/dags/ecommerce_pipeline.py","task_id":"pipeline_summary","ti_id":"019f56db-5deb-780c-bde9-cf5f25230873","try_number":1,"map_index":-1,"dag_id":"ecommerce_pipeline","run_id":"manual__2026-07-12T15:04:04.783965+00:00","logger":"airflow.dag_processing.dagbag.BundleDagBag","filename":"dagbag.py","lineno":469}
{"timestamp":"2026-07-12T15:04:25.047527Z","level":"warning","event":"The `airflow.decorators.task` attribute is deprecated. Please use `'airflow.sdk.task'`.","category":"UserWarning","filename":"/opt/airflow/dags/ecommerce_pipeline.py","lineno":2,"task_id":"pipeline_summary","ti_id":"019f56db-5deb-780c-bde9-cf5f25230873","try_number":1,"map_index":-1,"dag_id":"ecommerce_pipeline","run_id":"manual__2026-07-12T15:04:04.783965+00:00","logger":"py.warnings"}
{"timestamp":"2026-07-12T15:04:25.074943Z","level":"info","event":"Task instance is in running state","logger":"task.stdout"}
{"timestamp":"2026-07-12T15:04:25.076618Z","level":"info","event":" Previous state of the Task instance: TaskInstanceState.QUEUED","logger":"task.stdout"}
{"timestamp":"2026-07-12T15:04:25.077455Z","level":"info","event":"Current task name:pipeline_summary","logger":"task.stdout"}
{"timestamp":"2026-07-12T15:04:25.078803Z","level":"info","event":"Dag name:ecommerce_pipeline","logger":"task.stdout"}
{"timestamp":"2026-07-12T15:04:25.075466Z","level":"info","event":"::endgroup::","task_id":"pipeline_summary","ti_id":"019f56db-5deb-780c-bde9-cf5f25230873","try_number":1,"map_index":-1,"dag_id":"ecommerce_pipeline","run_id":"manual__2026-07-12T15:04:04.783965+00:00","logger":"task","filename":"task_runner.py","lineno":1727}
{"timestamp":"2026-07-12T15:04:25.078012Z","level":"info","event":"Done. Returned value was: True","task_id":"pipeline_summary","ti_id":"019f56db-5deb-780c-bde9-cf5f25230873","try_number":1,"map_index":-1,"dag_id":"ecommerce_pipeline","run_id":"manual__2026-07-12T15:04:04.783965+00:00","logger":"airflow.task.operators.airflow.providers.standard.decorators.python._PythonDecoratedOperator","filename":"python.py","lineno":233}
{"timestamp":"2026-07-12T15:04:25.078373Z","level":"info","event":"::group::Post Execute","task_id":"pipeline_summary","ti_id":"019f56db-5deb-780c-bde9-cf5f25230873","try_number":1,"map_index":-1,"dag_id":"ecommerce_pipeline","run_id":"manual__2026-07-12T15:04:04.783965+00:00","logger":"task","filename":"task_runner.py","lineno":1288}
{"timestamp":"2026-07-12T15:04:25.082753Z","level":"info","event":"============================================================","logger":"task.stdout"}
{"timestamp":"2026-07-12T15:04:25.083295Z","level":"info","event":"PIPELINE SUMMARY","logger":"task.stdout"}
{"timestamp":"2026-07-12T15:04:25.083814Z","level":"info","event":"============================================================","logger":"task.stdout"}
{"timestamp":"2026-07-12T15:04:25.084920Z","level":"info","event":"Orders loaded","logger":"task.stdout"}
{"timestamp":"2026-07-12T15:04:25.085683Z","level":"info","event":"Merge completed","logger":"task.stdout"}
{"timestamp":"2026-07-12T15:04:25.087508Z","level":"info","event":"KPI generated","logger":"task.stdout"}
{"timestamp":"2026-07-12T15:04:25.091612Z","level":"info","event":"CSV report generated","logger":"task.stdout"}
{"timestamp":"2026-07-12T15:04:25.093017Z","level":"info","event":"JSON report generated","logger":"task.stdout"}
{"timestamp":"2026-07-12T15:04:25.093856Z","level":"info","event":"MongoDB updated","logger":"task.stdout"}
{"timestamp":"2026-07-12T15:04:25.094674Z","level":"info","event":"Category analysis completed","logger":"task.stdout"}
{"timestamp":"2026-07-12T15:04:25.079554Z","level":"info","event":"Pushing xcom","ti":"RuntimeTaskInstance(id=UUID('019f56db-5deb-780c-bde9-cf5f25230873'), task_id='pipeline_summary', dag_id='ecommerce_pipeline', run_id='manual__2026-07-12T15:04:04.783965+00:00', try_number=1, dag_version_id=UUID('019f56c8-2878-75bb-b0d3-a51d098a9b16'), map_index=-1, hostname='feb86900a43e', context_carrier={'traceparent': '00-dde2b01ab64d7cfeda110a7cd5a29ce5-1bfe767c807a5457-01'}, task=<Task(_PythonDecoratedOperator): pipeline_summary>, bundle_instance=LocalDagBundle(name=dags-folder), max_tries=0, start_date=datetime.datetime(2026, 7, 12, 15, 4, 24, 480935, tzinfo=datetime.timezone.utc), end_date=None, state=<TaskInstanceState.RUNNING: 'running'>, is_mapped=False, rendered_map_index=None, sentry_integration='')","task_id":"pipeline_summary","ti_id":"019f56db-5deb-780c-bde9-cf5f25230873","try_number":1,"map_index":-1,"dag_id":"ecommerce_pipeline","run_id":"manual__2026-07-12T15:04:04.783965+00:00","logger":"task","filename":"task_runner.py","lineno":1791}
{"timestamp":"2026-07-12T15:04:25.137885Z","level":"info","event":"Task instance in success state","logger":"task.stdout"}
{"timestamp":"2026-07-12T15:04:25.138752Z","level":"info","event":" Previous state of the Task instance: TaskInstanceState.RUNNING","logger":"task.stdout"}
{"timestamp":"2026-07-12T15:04:25.139615Z","level":"info","event":"Task operator:<Task(_PythonDecoratedOperator): pipeline_summary>","logger":"task.stdout"}
{"timestamp":"2026-07-12T15:04:25.138221Z","level":"info","event":"::endgroup::","task_id":"pipeline_summary","ti_id":"019f56db-5deb-780c-bde9-cf5f25230873","try_number":1,"map_index":-1,"dag_id":"ecommerce_pipeline","run_id":"manual__2026-07-12T15:04:04.783965+00:00","logger":"task","filename":"task_runner.py","lineno":1896}
