{"timestamp":"2026-07-12T15:35:54.433201Z","level":"info","event":"::group::Pre Execute","logger":"task","filename":"task_runner.py","lineno":1926}
{"timestamp":"2026-07-12T15:35:54.944592Z","level":"info","event":"DAG bundles loaded: dags-folder, example_dags","ti_id":"019f56f8-3403-7acb-a942-de668ec82712","run_id":"manual__2026-07-12T15:35:34.598423+00:00","dag_id":"ecommerce_pipeline","map_index":-1,"try_number":1,"task_id":"generate_report","logger":"airflow.dag_processing.bundles.manager.DagBundlesManager","filename":"manager.py","lineno":209}
{"timestamp":"2026-07-12T15:35:54.948932Z","level":"info","event":"Filling up the DagBag from /opt/airflow/dags/ecommerce_pipeline.py","ti_id":"019f56f8-3403-7acb-a942-de668ec82712","run_id":"manual__2026-07-12T15:35:34.598423+00:00","dag_id":"ecommerce_pipeline","map_index":-1,"try_number":1,"task_id":"generate_report","logger":"airflow.dag_processing.dagbag.BundleDagBag","filename":"dagbag.py","lineno":469}
{"timestamp":"2026-07-12T15:35:55.082284Z","level":"warning","event":"The `airflow.decorators.task` attribute is deprecated. Please use `'airflow.sdk.task'`.","category":"UserWarning","filename":"/opt/airflow/dags/ecommerce_pipeline.py","lineno":2,"ti_id":"019f56f8-3403-7acb-a942-de668ec82712","run_id":"manual__2026-07-12T15:35:34.598423+00:00","dag_id":"ecommerce_pipeline","map_index":-1,"try_number":1,"task_id":"generate_report","logger":"py.warnings"}
{"timestamp":"2026-07-12T15:35:55.106325Z","level":"info","event":"Task instance is in running state","logger":"task.stdout"}
{"timestamp":"2026-07-12T15:35:55.107224Z","level":"info","event":" Previous state of the Task instance: TaskInstanceState.QUEUED","logger":"task.stdout"}
{"timestamp":"2026-07-12T15:35:55.108056Z","level":"info","event":"Current task name:generate_report","logger":"task.stdout"}
{"timestamp":"2026-07-12T15:35:55.108566Z","level":"info","event":"Dag name:ecommerce_pipeline","logger":"task.stdout"}
{"timestamp":"2026-07-12T15:35:55.106972Z","level":"info","event":"::endgroup::","ti_id":"019f56f8-3403-7acb-a942-de668ec82712","run_id":"manual__2026-07-12T15:35:34.598423+00:00","dag_id":"ecommerce_pipeline","map_index":-1,"try_number":1,"task_id":"generate_report","logger":"task","filename":"task_runner.py","lineno":1727}
{"timestamp":"2026-07-12T15:35:56.133912Z","level":"info","event":"          Metric            Value","logger":"task.stdout"}
{"timestamp":"2026-07-12T15:35:56.135270Z","level":"info","event":"0   Total Orders            98666","logger":"task.stdout"}
{"timestamp":"2026-07-12T15:35:56.136640Z","level":"info","event":"1    Total Sales       13591643.7","logger":"task.stdout"}
{"timestamp":"2026-07-12T15:35:56.137956Z","level":"info","event":"2  Average Price           120.65","logger":"task.stdout"}
{"timestamp":"2026-07-12T15:35:56.139307Z","level":"info","event":"3   Top Category  cama_mesa_banho","logger":"task.stdout"}
{"timestamp":"2026-07-12T15:35:56.175104Z","level":"info","event":"Done. Returned value was: /opt/airflow/reports/kpi_report.csv","ti_id":"019f56f8-3403-7acb-a942-de668ec82712","run_id":"manual__2026-07-12T15:35:34.598423+00:00","dag_id":"ecommerce_pipeline","map_index":-1,"try_number":1,"task_id":"generate_report","logger":"airflow.task.operators.airflow.providers.standard.decorators.python._PythonDecoratedOperator","filename":"python.py","lineno":233}
{"timestamp":"2026-07-12T15:35:56.175491Z","level":"info","event":"::group::Post Execute","ti_id":"019f56f8-3403-7acb-a942-de668ec82712","run_id":"manual__2026-07-12T15:35:34.598423+00:00","dag_id":"ecommerce_pipeline","map_index":-1,"try_number":1,"task_id":"generate_report","logger":"task","filename":"task_runner.py","lineno":1288}
{"timestamp":"2026-07-12T15:35:56.175863Z","level":"info","event":"Pushing xcom","ti":"RuntimeTaskInstance(id=UUID('019f56f8-3403-7acb-a942-de668ec82712'), task_id='generate_report', dag_id='ecommerce_pipeline', run_id='manual__2026-07-12T15:35:34.598423+00:00', try_number=1, dag_version_id=UUID('019f56f7-98b1-799e-aa37-ec98d0b3c34f'), map_index=-1, hostname='b6ae3380fee5', context_carrier={'traceparent': '00-d661f4bf0fd055c6bb292801344de6da-1c2e827f740877bc-01'}, task=<Task(_PythonDecoratedOperator): generate_report>, bundle_instance=LocalDagBundle(name=dags-folder), max_tries=0, start_date=datetime.datetime(2026, 7, 12, 15, 35, 54, 441467, tzinfo=datetime.timezone.utc), end_date=None, state=<TaskInstanceState.RUNNING: 'running'>, is_mapped=False, rendered_map_index=None, sentry_integration='')","ti_id":"019f56f8-3403-7acb-a942-de668ec82712","run_id":"manual__2026-07-12T15:35:34.598423+00:00","dag_id":"ecommerce_pipeline","map_index":-1,"try_number":1,"task_id":"generate_report","logger":"task","filename":"task_runner.py","lineno":1791}
{"timestamp":"2026-07-12T15:35:56.221564Z","level":"info","event":"Task instance in success state","logger":"task.stdout"}
{"timestamp":"2026-07-12T15:35:56.222464Z","level":"info","event":" Previous state of the Task instance: TaskInstanceState.RUNNING","logger":"task.stdout"}
{"timestamp":"2026-07-12T15:35:56.223163Z","level":"info","event":"Task operator:<Task(_PythonDecoratedOperator): generate_report>","logger":"task.stdout"}
{"timestamp":"2026-07-12T15:35:56.222029Z","level":"info","event":"::endgroup::","ti_id":"019f56f8-3403-7acb-a942-de668ec82712","run_id":"manual__2026-07-12T15:35:34.598423+00:00","dag_id":"ecommerce_pipeline","map_index":-1,"try_number":1,"task_id":"generate_report","logger":"task","filename":"task_runner.py","lineno":1896}
