{"timestamp":"2026-07-12T14:08:36.473594Z","level":"info","event":"::group::Pre Execute","logger":"task","filename":"task_runner.py","lineno":1926}
{"timestamp":"2026-07-12T14:08:36.902278Z","level":"info","event":"DAG bundles loaded: dags-folder, example_dags","run_id":"manual__2026-07-12T14:08:31.261109+00:00","dag_id":"ecommerce_pipeline","map_index":-1,"task_id":"compute_kpis","ti_id":"019f56a8-802c-71b8-a1a4-0f754ff10371","try_number":1,"logger":"airflow.dag_processing.bundles.manager.DagBundlesManager","filename":"manager.py","lineno":209}
{"timestamp":"2026-07-12T14:08:36.907060Z","level":"info","event":"Filling up the DagBag from /opt/airflow/dags/ecommerce_pipeline.py","run_id":"manual__2026-07-12T14:08:31.261109+00:00","dag_id":"ecommerce_pipeline","map_index":-1,"task_id":"compute_kpis","ti_id":"019f56a8-802c-71b8-a1a4-0f754ff10371","try_number":1,"logger":"airflow.dag_processing.dagbag.BundleDagBag","filename":"dagbag.py","lineno":469}
{"timestamp":"2026-07-12T14:08:43.277309Z","level":"warning","event":"The `airflow.decorators.task` attribute is deprecated. Please use `'airflow.sdk.task'`.","category":"UserWarning","filename":"/opt/airflow/dags/ecommerce_pipeline.py","lineno":2,"run_id":"manual__2026-07-12T14:08:31.261109+00:00","dag_id":"ecommerce_pipeline","map_index":-1,"task_id":"compute_kpis","ti_id":"019f56a8-802c-71b8-a1a4-0f754ff10371","try_number":1,"logger":"py.warnings"}
{"timestamp":"2026-07-12T14:08:36.473463Z","level":"info","event":"Task instance is in running state","logger":"task.stdout"}
{"timestamp":"2026-07-12T14:08:36.474476Z","level":"info","event":" Previous state of the Task instance: TaskInstanceState.QUEUED","logger":"task.stdout"}
{"timestamp":"2026-07-12T14:08:36.475462Z","level":"info","event":"Current task name:compute_kpis","logger":"task.stdout"}
{"timestamp":"2026-07-12T14:08:36.475984Z","level":"info","event":"Dag name:ecommerce_pipeline","logger":"task.stdout"}
{"timestamp":"2026-07-12T14:08:36.474012Z","level":"info","event":"::endgroup::","run_id":"manual__2026-07-12T14:08:31.261109+00:00","dag_id":"ecommerce_pipeline","map_index":-1,"task_id":"compute_kpis","ti_id":"019f56a8-802c-71b8-a1a4-0f754ff10371","try_number":1,"logger":"task","filename":"task_runner.py","lineno":1727}
{"timestamp":"2026-07-12T14:08:37.921923Z","level":"info","event":"Nombre de commandes : 98666","logger":"task.stdout"}
{"timestamp":"2026-07-12T14:08:37.925708Z","level":"info","event":"Chiffre d'affaires : 13591643.7","logger":"task.stdout"}
{"timestamp":"2026-07-12T14:08:37.928670Z","level":"info","event":"Prix moyen : 120.65","logger":"task.stdout"}
{"timestamp":"2026-07-12T14:08:37.929682Z","level":"info","event":"Produit le plus vendu :","logger":"task.stdout"}
{"timestamp":"2026-07-12T14:08:37.930479Z","level":"info","event":"product_id","logger":"task.stdout"}
{"timestamp":"2026-07-12T14:08:37.931516Z","level":"info","event":"aca2eb7d00ea1a7b8ebd4e68314663af    527","logger":"task.stdout"}
{"timestamp":"2026-07-12T14:08:37.934108Z","level":"info","event":"dtype: int64","logger":"task.stdout"}
{"timestamp":"2026-07-12T14:08:37.936279Z","level":"info","event":"Catégorie la plus vendue :","logger":"task.stdout"}
{"timestamp":"2026-07-12T14:08:37.938223Z","level":"info","event":"product_category_name","logger":"task.stdout"}
{"timestamp":"2026-07-12T14:08:37.939552Z","level":"info","event":"cama_mesa_banho    11115","logger":"task.stdout"}
{"timestamp":"2026-07-12T14:08:37.940684Z","level":"info","event":"dtype: int64","logger":"task.stdout"}
{"timestamp":"2026-07-12T14:08:37.966457Z","level":"info","event":"Done. Returned value was: {'orders': 98666, 'sales': 13591643.700000001, 'avg_price': 120.65373901464714}","run_id":"manual__2026-07-12T14:08:31.261109+00:00","dag_id":"ecommerce_pipeline","map_index":-1,"task_id":"compute_kpis","ti_id":"019f56a8-802c-71b8-a1a4-0f754ff10371","try_number":1,"logger":"airflow.task.operators.airflow.providers.standard.decorators.python._PythonDecoratedOperator","filename":"python.py","lineno":233}
{"timestamp":"2026-07-12T14:08:37.966778Z","level":"info","event":"::group::Post Execute","run_id":"manual__2026-07-12T14:08:31.261109+00:00","dag_id":"ecommerce_pipeline","map_index":-1,"task_id":"compute_kpis","ti_id":"019f56a8-802c-71b8-a1a4-0f754ff10371","try_number":1,"logger":"task","filename":"task_runner.py","lineno":1288}
{"timestamp":"2026-07-12T14:08:37.966964Z","level":"info","event":"Pushing xcom","ti":"RuntimeTaskInstance(id=UUID('019f56a8-802c-71b8-a1a4-0f754ff10371'), task_id='compute_kpis', dag_id='ecommerce_pipeline', run_id='manual__2026-07-12T14:08:31.261109+00:00', try_number=1, dag_version_id=UUID('019f56a7-9011-7903-8f6f-5ac7974588c8'), map_index=-1, hostname='feb86900a43e', context_carrier={'traceparent': '00-6baca8ccb7c5d4e4dc3234dce0ce789a-3661748ce22599eb-01'}, task=<Task(_PythonDecoratedOperator): compute_kpis>, bundle_instance=LocalDagBundle(name=dags-folder), max_tries=0, start_date=datetime.datetime(2026, 7, 12, 14, 8, 36, 479451, tzinfo=datetime.timezone.utc), end_date=None, state=<TaskInstanceState.RUNNING: 'running'>, is_mapped=False, rendered_map_index=None, sentry_integration='')","run_id":"manual__2026-07-12T14:08:31.261109+00:00","dag_id":"ecommerce_pipeline","map_index":-1,"task_id":"compute_kpis","ti_id":"019f56a8-802c-71b8-a1a4-0f754ff10371","try_number":1,"logger":"task","filename":"task_runner.py","lineno":1791}
{"timestamp":"2026-07-12T14:08:38.053844Z","level":"info","event":"Task instance in success state","logger":"task.stdout"}
{"timestamp":"2026-07-12T14:08:38.054451Z","level":"info","event":" Previous state of the Task instance: TaskInstanceState.RUNNING","logger":"task.stdout"}
{"timestamp":"2026-07-12T14:08:38.055141Z","level":"info","event":"Task operator:<Task(_PythonDecoratedOperator): compute_kpis>","logger":"task.stdout"}
{"timestamp":"2026-07-12T14:08:38.054153Z","level":"info","event":"::endgroup::","run_id":"manual__2026-07-12T14:08:31.261109+00:00","dag_id":"ecommerce_pipeline","map_index":-1,"task_id":"compute_kpis","ti_id":"019f56a8-802c-71b8-a1a4-0f754ff10371","try_number":1,"logger":"task","filename":"task_runner.py","lineno":1896}
