{"timestamp":"2026-07-12T14:40:25.883181Z","level":"info","event":"::group::Pre Execute","logger":"task","filename":"task_runner.py","lineno":1926}
{"timestamp":"2026-07-12T14:40:26.288359Z","level":"info","event":"DAG bundles loaded: dags-folder, example_dags","run_id":"manual__2026-07-12T14:40:14.510977+00:00","dag_id":"ecommerce_pipeline","map_index":-1,"task_id":"generate_report","ti_id":"019f56c5-8adc-779b-be5a-eb250ed824fb","try_number":1,"logger":"airflow.dag_processing.bundles.manager.DagBundlesManager","filename":"manager.py","lineno":209}
{"timestamp":"2026-07-12T14:40:26.291470Z","level":"info","event":"Filling up the DagBag from /opt/airflow/dags/ecommerce_pipeline.py","run_id":"manual__2026-07-12T14:40:14.510977+00:00","dag_id":"ecommerce_pipeline","map_index":-1,"task_id":"generate_report","ti_id":"019f56c5-8adc-779b-be5a-eb250ed824fb","try_number":1,"logger":"airflow.dag_processing.dagbag.BundleDagBag","filename":"dagbag.py","lineno":469}
{"timestamp":"2026-07-12T14:40:26.383741Z","level":"warning","event":"The `airflow.decorators.task` attribute is deprecated. Please use `'airflow.sdk.task'`.","category":"UserWarning","filename":"/opt/airflow/dags/ecommerce_pipeline.py","lineno":2,"run_id":"manual__2026-07-12T14:40:14.510977+00:00","dag_id":"ecommerce_pipeline","map_index":-1,"task_id":"generate_report","ti_id":"019f56c5-8adc-779b-be5a-eb250ed824fb","try_number":1,"logger":"py.warnings"}
{"timestamp":"2026-07-12T14:40:26.408664Z","level":"info","event":"Task instance is in running state","logger":"task.stdout"}
{"timestamp":"2026-07-12T14:40:26.409292Z","level":"info","event":" Previous state of the Task instance: TaskInstanceState.QUEUED","logger":"task.stdout"}
{"timestamp":"2026-07-12T14:40:26.410074Z","level":"info","event":"Current task name:generate_report","logger":"task.stdout"}
{"timestamp":"2026-07-12T14:40:26.410717Z","level":"info","event":"Dag name:ecommerce_pipeline","logger":"task.stdout"}
{"timestamp":"2026-07-12T14:40:26.409071Z","level":"info","event":"::endgroup::","run_id":"manual__2026-07-12T14:40:14.510977+00:00","dag_id":"ecommerce_pipeline","map_index":-1,"task_id":"generate_report","ti_id":"019f56c5-8adc-779b-be5a-eb250ed824fb","try_number":1,"logger":"task","filename":"task_runner.py","lineno":1727}
{"timestamp":"2026-07-12T14:40:28.033636Z","level":"info","event":"          Metric            Value","logger":"task.stdout"}
{"timestamp":"2026-07-12T14:40:28.034521Z","level":"info","event":"0   Total Orders            98666","logger":"task.stdout"}
{"timestamp":"2026-07-12T14:40:28.035162Z","level":"info","event":"1    Total Sales       13591643.7","logger":"task.stdout"}
{"timestamp":"2026-07-12T14:40:28.035761Z","level":"info","event":"2  Average Price           120.65","logger":"task.stdout"}
{"timestamp":"2026-07-12T14:40:28.036285Z","level":"info","event":"3   Top Category  cama_mesa_banho","logger":"task.stdout"}
{"timestamp":"2026-07-12T14:40:28.078656Z","level":"info","event":"Done. Returned value was: /opt/airflow/reports/kpi_report.csv","run_id":"manual__2026-07-12T14:40:14.510977+00:00","dag_id":"ecommerce_pipeline","map_index":-1,"task_id":"generate_report","ti_id":"019f56c5-8adc-779b-be5a-eb250ed824fb","try_number":1,"logger":"airflow.task.operators.airflow.providers.standard.decorators.python._PythonDecoratedOperator","filename":"python.py","lineno":233}
{"timestamp":"2026-07-12T14:40:28.078987Z","level":"info","event":"::group::Post Execute","run_id":"manual__2026-07-12T14:40:14.510977+00:00","dag_id":"ecommerce_pipeline","map_index":-1,"task_id":"generate_report","ti_id":"019f56c5-8adc-779b-be5a-eb250ed824fb","try_number":1,"logger":"task","filename":"task_runner.py","lineno":1288}
{"timestamp":"2026-07-12T14:40:28.079272Z","level":"info","event":"Pushing xcom","ti":"RuntimeTaskInstance(id=UUID('019f56c5-8adc-779b-be5a-eb250ed824fb'), task_id='generate_report', dag_id='ecommerce_pipeline', run_id='manual__2026-07-12T14:40:14.510977+00:00', try_number=1, dag_version_id=UUID('019f56c4-b63c-7074-8092-c693b4d85bec'), map_index=-1, hostname='feb86900a43e', context_carrier={'traceparent': '00-c0a9667ec5a320a974aba9fee4724170-64401b340f42fe44-01'}, task=<Task(_PythonDecoratedOperator): generate_report>, bundle_instance=LocalDagBundle(name=dags-folder), max_tries=0, start_date=datetime.datetime(2026, 7, 12, 14, 40, 25, 887286, tzinfo=datetime.timezone.utc), end_date=None, state=<TaskInstanceState.RUNNING: 'running'>, is_mapped=False, rendered_map_index=None, sentry_integration='')","run_id":"manual__2026-07-12T14:40:14.510977+00:00","dag_id":"ecommerce_pipeline","map_index":-1,"task_id":"generate_report","ti_id":"019f56c5-8adc-779b-be5a-eb250ed824fb","try_number":1,"logger":"task","filename":"task_runner.py","lineno":1791}
{"timestamp":"2026-07-12T14:40:28.121513Z","level":"info","event":"Task instance in success state","logger":"task.stdout"}
{"timestamp":"2026-07-12T14:40:28.122162Z","level":"info","event":" Previous state of the Task instance: TaskInstanceState.RUNNING","logger":"task.stdout"}
{"timestamp":"2026-07-12T14:40:28.122842Z","level":"info","event":"Task operator:<Task(_PythonDecoratedOperator): generate_report>","logger":"task.stdout"}
{"timestamp":"2026-07-12T14:40:28.122153Z","level":"info","event":"::endgroup::","run_id":"manual__2026-07-12T14:40:14.510977+00:00","dag_id":"ecommerce_pipeline","map_index":-1,"task_id":"generate_report","ti_id":"019f56c5-8adc-779b-be5a-eb250ed824fb","try_number":1,"logger":"task","filename":"task_runner.py","lineno":1896}
