{"timestamp":"2026-07-12T15:11:15.034881Z","level":"info","event":"::group::Pre Execute","logger":"task","filename":"task_runner.py","lineno":1926}
{"timestamp":"2026-07-12T15:11:15.574533Z","level":"info","event":"DAG bundles loaded: dags-folder, example_dags","task_id":"pipeline_summary","dag_id":"ecommerce_pipeline","ti_id":"019f56e1-a5af-7287-a09e-c96f2cf0485c","run_id":"manual__2026-07-12T15:10:56.378047+00:00","try_number":1,"map_index":-1,"logger":"airflow.dag_processing.bundles.manager.DagBundlesManager","filename":"manager.py","lineno":209}
{"timestamp":"2026-07-12T15:11:15.578496Z","level":"info","event":"Filling up the DagBag from /opt/airflow/dags/ecommerce_pipeline.py","task_id":"pipeline_summary","dag_id":"ecommerce_pipeline","ti_id":"019f56e1-a5af-7287-a09e-c96f2cf0485c","run_id":"manual__2026-07-12T15:10:56.378047+00:00","try_number":1,"map_index":-1,"logger":"airflow.dag_processing.dagbag.BundleDagBag","filename":"dagbag.py","lineno":469}
{"timestamp":"2026-07-12T15:11:15.723992Z","level":"warning","event":"The `airflow.decorators.task` attribute is deprecated. Please use `'airflow.sdk.task'`.","category":"UserWarning","filename":"/opt/airflow/dags/ecommerce_pipeline.py","lineno":2,"task_id":"pipeline_summary","dag_id":"ecommerce_pipeline","ti_id":"019f56e1-a5af-7287-a09e-c96f2cf0485c","run_id":"manual__2026-07-12T15:10:56.378047+00:00","try_number":1,"map_index":-1,"logger":"py.warnings"}
{"timestamp":"2026-07-12T15:11:15.746466Z","level":"info","event":"Task instance is in running state","logger":"task.stdout"}
{"timestamp":"2026-07-12T15:11:15.747197Z","level":"info","event":" Previous state of the Task instance: TaskInstanceState.QUEUED","logger":"task.stdout"}
{"timestamp":"2026-07-12T15:11:15.747930Z","level":"info","event":"Current task name:pipeline_summary","logger":"task.stdout"}
{"timestamp":"2026-07-12T15:11:15.748666Z","level":"info","event":"Dag name:ecommerce_pipeline","logger":"task.stdout"}
{"timestamp":"2026-07-12T15:11:15.746846Z","level":"info","event":"::endgroup::","task_id":"pipeline_summary","dag_id":"ecommerce_pipeline","ti_id":"019f56e1-a5af-7287-a09e-c96f2cf0485c","run_id":"manual__2026-07-12T15:10:56.378047+00:00","try_number":1,"map_index":-1,"logger":"task","filename":"task_runner.py","lineno":1727}
{"timestamp":"2026-07-12T15:11:15.748727Z","level":"info","event":"Done. Returned value was: True","task_id":"pipeline_summary","dag_id":"ecommerce_pipeline","ti_id":"019f56e1-a5af-7287-a09e-c96f2cf0485c","run_id":"manual__2026-07-12T15:10:56.378047+00:00","try_number":1,"map_index":-1,"logger":"airflow.task.operators.airflow.providers.standard.decorators.python._PythonDecoratedOperator","filename":"python.py","lineno":233}
{"timestamp":"2026-07-12T15:11:15.748919Z","level":"info","event":"::group::Post Execute","task_id":"pipeline_summary","dag_id":"ecommerce_pipeline","ti_id":"019f56e1-a5af-7287-a09e-c96f2cf0485c","run_id":"manual__2026-07-12T15:10:56.378047+00:00","try_number":1,"map_index":-1,"logger":"task","filename":"task_runner.py","lineno":1288}
{"timestamp":"2026-07-12T15:11:15.751697Z","level":"info","event":"============================================================","logger":"task.stdout"}
{"timestamp":"2026-07-12T15:11:15.752418Z","level":"info","event":"PIPELINE SUMMARY","logger":"task.stdout"}
{"timestamp":"2026-07-12T15:11:15.753078Z","level":"info","event":"============================================================","logger":"task.stdout"}
{"timestamp":"2026-07-12T15:11:15.753732Z","level":"info","event":"Orders loaded","logger":"task.stdout"}
{"timestamp":"2026-07-12T15:11:15.754400Z","level":"info","event":"Merge completed","logger":"task.stdout"}
{"timestamp":"2026-07-12T15:11:15.755097Z","level":"info","event":"KPI generated","logger":"task.stdout"}
{"timestamp":"2026-07-12T15:11:15.755884Z","level":"info","event":"CSV report generated","logger":"task.stdout"}
{"timestamp":"2026-07-12T15:11:15.756600Z","level":"info","event":"JSON report generated","logger":"task.stdout"}
{"timestamp":"2026-07-12T15:11:15.757241Z","level":"info","event":"MongoDB updated","logger":"task.stdout"}
{"timestamp":"2026-07-12T15:11:15.758000Z","level":"info","event":"Category analysis completed","logger":"task.stdout"}
{"timestamp":"2026-07-12T15:11:15.749110Z","level":"info","event":"Pushing xcom","ti":"RuntimeTaskInstance(id=UUID('019f56e1-a5af-7287-a09e-c96f2cf0485c'), task_id='pipeline_summary', dag_id='ecommerce_pipeline', run_id='manual__2026-07-12T15:10:56.378047+00:00', try_number=1, dag_version_id=UUID('019f56c8-2878-75bb-b0d3-a51d098a9b16'), map_index=-1, hostname='feb86900a43e', context_carrier={'traceparent': '00-44ee23df5a60a65dca938202bf64c609-60a9a0ccdf956873-01'}, task=<Task(_PythonDecoratedOperator): pipeline_summary>, bundle_instance=LocalDagBundle(name=dags-folder), max_tries=0, start_date=datetime.datetime(2026, 7, 12, 15, 11, 15, 43560, tzinfo=datetime.timezone.utc), end_date=None, state=<TaskInstanceState.RUNNING: 'running'>, is_mapped=False, rendered_map_index=None, sentry_integration='')","task_id":"pipeline_summary","dag_id":"ecommerce_pipeline","ti_id":"019f56e1-a5af-7287-a09e-c96f2cf0485c","run_id":"manual__2026-07-12T15:10:56.378047+00:00","try_number":1,"map_index":-1,"logger":"task","filename":"task_runner.py","lineno":1791}
{"timestamp":"2026-07-12T15:11:15.793244Z","level":"info","event":"Task instance in success state","logger":"task.stdout"}
{"timestamp":"2026-07-12T15:11:15.794075Z","level":"info","event":" Previous state of the Task instance: TaskInstanceState.RUNNING","logger":"task.stdout"}
{"timestamp":"2026-07-12T15:11:15.794959Z","level":"info","event":"Task operator:<Task(_PythonDecoratedOperator): pipeline_summary>","logger":"task.stdout"}
{"timestamp":"2026-07-12T15:11:15.793551Z","level":"info","event":"::endgroup::","task_id":"pipeline_summary","dag_id":"ecommerce_pipeline","ti_id":"019f56e1-a5af-7287-a09e-c96f2cf0485c","run_id":"manual__2026-07-12T15:10:56.378047+00:00","try_number":1,"map_index":-1,"logger":"task","filename":"task_runner.py","lineno":1896}
