{"timestamp":"2026-07-12T15:27:42.845684Z","level":"info","event":"::group::Pre Execute","logger":"task","filename":"task_runner.py","lineno":1926}
{"timestamp":"2026-07-12T15:27:43.343324Z","level":"info","event":"DAG bundles loaded: dags-folder, example_dags","dag_id":"ecommerce_pipeline","ti_id":"019f56f0-aaf4-703d-a8b3-f9661073976b","run_id":"manual__2026-07-12T15:27:20.777536+00:00","map_index":-1,"try_number":1,"task_id":"generate_report","logger":"airflow.dag_processing.bundles.manager.DagBundlesManager","filename":"manager.py","lineno":209}
{"timestamp":"2026-07-12T15:27:43.351337Z","level":"info","event":"Filling up the DagBag from /opt/airflow/dags/ecommerce_pipeline.py","dag_id":"ecommerce_pipeline","ti_id":"019f56f0-aaf4-703d-a8b3-f9661073976b","run_id":"manual__2026-07-12T15:27:20.777536+00:00","map_index":-1,"try_number":1,"task_id":"generate_report","logger":"airflow.dag_processing.dagbag.BundleDagBag","filename":"dagbag.py","lineno":469}
{"timestamp":"2026-07-12T15:27:43.599087Z","level":"warning","event":"The `airflow.decorators.task` attribute is deprecated. Please use `'airflow.sdk.task'`.","category":"UserWarning","filename":"/opt/airflow/dags/ecommerce_pipeline.py","lineno":2,"dag_id":"ecommerce_pipeline","ti_id":"019f56f0-aaf4-703d-a8b3-f9661073976b","run_id":"manual__2026-07-12T15:27:20.777536+00:00","map_index":-1,"try_number":1,"task_id":"generate_report","logger":"py.warnings"}
{"timestamp":"2026-07-12T15:27:43.642960Z","level":"info","event":"Task instance is in running state","logger":"task.stdout"}
{"timestamp":"2026-07-12T15:27:43.646535Z","level":"info","event":" Previous state of the Task instance: TaskInstanceState.QUEUED","logger":"task.stdout"}
{"timestamp":"2026-07-12T15:27:43.648723Z","level":"info","event":"Current task name:generate_report","logger":"task.stdout"}
{"timestamp":"2026-07-12T15:27:43.653093Z","level":"info","event":"Dag name:ecommerce_pipeline","logger":"task.stdout"}
{"timestamp":"2026-07-12T15:27:43.643463Z","level":"info","event":"::endgroup::","dag_id":"ecommerce_pipeline","ti_id":"019f56f0-aaf4-703d-a8b3-f9661073976b","run_id":"manual__2026-07-12T15:27:20.777536+00:00","map_index":-1,"try_number":1,"task_id":"generate_report","logger":"task","filename":"task_runner.py","lineno":1727}
{"timestamp":"2026-07-12T15:27:48.293830Z","level":"info","event":"          Metric            Value","logger":"task.stdout"}
{"timestamp":"2026-07-12T15:27:48.298601Z","level":"info","event":"0   Total Orders            98666","logger":"task.stdout"}
{"timestamp":"2026-07-12T15:27:48.302891Z","level":"info","event":"1    Total Sales       13591643.7","logger":"task.stdout"}
{"timestamp":"2026-07-12T15:27:48.307256Z","level":"info","event":"2  Average Price           120.65","logger":"task.stdout"}
{"timestamp":"2026-07-12T15:27:48.311802Z","level":"info","event":"3   Top Category  cama_mesa_banho","logger":"task.stdout"}
{"timestamp":"2026-07-12T15:27:48.327844Z","level":"info","event":"Done. Returned value was: /opt/airflow/reports/kpi_report.csv","dag_id":"ecommerce_pipeline","ti_id":"019f56f0-aaf4-703d-a8b3-f9661073976b","run_id":"manual__2026-07-12T15:27:20.777536+00:00","map_index":-1,"try_number":1,"task_id":"generate_report","logger":"airflow.task.operators.airflow.providers.standard.decorators.python._PythonDecoratedOperator","filename":"python.py","lineno":233}
{"timestamp":"2026-07-12T15:27:48.328148Z","level":"info","event":"::group::Post Execute","dag_id":"ecommerce_pipeline","ti_id":"019f56f0-aaf4-703d-a8b3-f9661073976b","run_id":"manual__2026-07-12T15:27:20.777536+00:00","map_index":-1,"try_number":1,"task_id":"generate_report","logger":"task","filename":"task_runner.py","lineno":1288}
{"timestamp":"2026-07-12T15:27:48.328433Z","level":"info","event":"Pushing xcom","ti":"RuntimeTaskInstance(id=UUID('019f56f0-aaf4-703d-a8b3-f9661073976b'), task_id='generate_report', dag_id='ecommerce_pipeline', run_id='manual__2026-07-12T15:27:20.777536+00:00', try_number=1, dag_version_id=UUID('019f56ef-f80d-7f3b-83ad-ea58471a9ef6'), map_index=-1, hostname='b6ae3380fee5', context_carrier={'traceparent': '00-61139890164efefdd38379b5acf26e05-c82b9aaf9a595ba3-01'}, task=<Task(_PythonDecoratedOperator): generate_report>, bundle_instance=LocalDagBundle(name=dags-folder), max_tries=0, start_date=datetime.datetime(2026, 7, 12, 15, 27, 42, 869711, tzinfo=datetime.timezone.utc), end_date=None, state=<TaskInstanceState.RUNNING: 'running'>, is_mapped=False, rendered_map_index=None, sentry_integration='')","dag_id":"ecommerce_pipeline","ti_id":"019f56f0-aaf4-703d-a8b3-f9661073976b","run_id":"manual__2026-07-12T15:27:20.777536+00:00","map_index":-1,"try_number":1,"task_id":"generate_report","logger":"task","filename":"task_runner.py","lineno":1791}
{"timestamp":"2026-07-12T15:27:48.394767Z","level":"info","event":"Task instance in success state","logger":"task.stdout"}
{"timestamp":"2026-07-12T15:27:48.398304Z","level":"info","event":" Previous state of the Task instance: TaskInstanceState.RUNNING","logger":"task.stdout"}
{"timestamp":"2026-07-12T15:27:48.400449Z","level":"info","event":"Task operator:<Task(_PythonDecoratedOperator): generate_report>","logger":"task.stdout"}
{"timestamp":"2026-07-12T15:27:48.395113Z","level":"info","event":"::endgroup::","dag_id":"ecommerce_pipeline","ti_id":"019f56f0-aaf4-703d-a8b3-f9661073976b","run_id":"manual__2026-07-12T15:27:20.777536+00:00","map_index":-1,"try_number":1,"task_id":"generate_report","logger":"task","filename":"task_runner.py","lineno":1896}
