{"timestamp":"2026-07-12T14:12:50.630954Z","level":"info","event":"::group::Pre Execute","logger":"task","filename":"task_runner.py","lineno":1926}
{"timestamp":"2026-07-12T14:12:51.043741Z","level":"info","event":"DAG bundles loaded: dags-folder, example_dags","task_id":"compute_kpis","ti_id":"019f56ac-5f1a-7da2-a822-64266eac4f27","try_number":1,"map_index":-1,"dag_id":"ecommerce_pipeline","run_id":"manual__2026-07-12T14:12:44.936517+00:00","logger":"airflow.dag_processing.bundles.manager.DagBundlesManager","filename":"manager.py","lineno":209}
{"timestamp":"2026-07-12T14:12:51.047243Z","level":"info","event":"Filling up the DagBag from /opt/airflow/dags/ecommerce_pipeline.py","task_id":"compute_kpis","ti_id":"019f56ac-5f1a-7da2-a822-64266eac4f27","try_number":1,"map_index":-1,"dag_id":"ecommerce_pipeline","run_id":"manual__2026-07-12T14:12:44.936517+00:00","logger":"airflow.dag_processing.dagbag.BundleDagBag","filename":"dagbag.py","lineno":469}
{"timestamp":"2026-07-12T14:12:51.081431Z","level":"warning","event":"The `airflow.decorators.task` attribute is deprecated. Please use `'airflow.sdk.task'`.","category":"UserWarning","filename":"/opt/airflow/dags/ecommerce_pipeline.py","lineno":2,"task_id":"compute_kpis","ti_id":"019f56ac-5f1a-7da2-a822-64266eac4f27","try_number":1,"map_index":-1,"dag_id":"ecommerce_pipeline","run_id":"manual__2026-07-12T14:12:44.936517+00:00","logger":"py.warnings"}
{"timestamp":"2026-07-12T14:12:51.105187Z","level":"info","event":"Task instance is in running state","logger":"task.stdout"}
{"timestamp":"2026-07-12T14:12:51.106057Z","level":"info","event":" Previous state of the Task instance: TaskInstanceState.QUEUED","logger":"task.stdout"}
{"timestamp":"2026-07-12T14:12:51.106662Z","level":"info","event":"Current task name:compute_kpis","logger":"task.stdout"}
{"timestamp":"2026-07-12T14:12:51.107521Z","level":"info","event":"Dag name:ecommerce_pipeline","logger":"task.stdout"}
{"timestamp":"2026-07-12T14:12:51.105595Z","level":"info","event":"::endgroup::","task_id":"compute_kpis","ti_id":"019f56ac-5f1a-7da2-a822-64266eac4f27","try_number":1,"map_index":-1,"dag_id":"ecommerce_pipeline","run_id":"manual__2026-07-12T14:12:44.936517+00:00","logger":"task","filename":"task_runner.py","lineno":1727}
{"timestamp":"2026-07-12T14:12:52.301458Z","level":"info","event":"Nombre de commandes : 98666","logger":"task.stdout"}
{"timestamp":"2026-07-12T14:12:52.303988Z","level":"info","event":"Chiffre d'affaires : 13591643.7","logger":"task.stdout"}
{"timestamp":"2026-07-12T14:12:52.305377Z","level":"info","event":"Prix moyen : 120.65","logger":"task.stdout"}
{"timestamp":"2026-07-12T14:12:52.306269Z","level":"info","event":"Produit le plus vendu :","logger":"task.stdout"}
{"timestamp":"2026-07-12T14:12:52.307057Z","level":"info","event":"product_id","logger":"task.stdout"}
{"timestamp":"2026-07-12T14:12:52.307605Z","level":"info","event":"aca2eb7d00ea1a7b8ebd4e68314663af    527","logger":"task.stdout"}
{"timestamp":"2026-07-12T14:12:52.308030Z","level":"info","event":"dtype: int64","logger":"task.stdout"}
{"timestamp":"2026-07-12T14:12:52.308554Z","level":"info","event":"Catégorie la plus vendue :","logger":"task.stdout"}
{"timestamp":"2026-07-12T14:12:52.309106Z","level":"info","event":"product_category_name","logger":"task.stdout"}
{"timestamp":"2026-07-12T14:12:52.309613Z","level":"info","event":"cama_mesa_banho    11115","logger":"task.stdout"}
{"timestamp":"2026-07-12T14:12:52.310122Z","level":"info","event":"dtype: int64","logger":"task.stdout"}
{"timestamp":"2026-07-12T14:12:52.349599Z","level":"info","event":"Done. Returned value was: {'orders': 98666, 'sales': 13591643.700000001, 'avg_price': 120.65373901464714}","task_id":"compute_kpis","ti_id":"019f56ac-5f1a-7da2-a822-64266eac4f27","try_number":1,"map_index":-1,"dag_id":"ecommerce_pipeline","run_id":"manual__2026-07-12T14:12:44.936517+00:00","logger":"airflow.task.operators.airflow.providers.standard.decorators.python._PythonDecoratedOperator","filename":"python.py","lineno":233}
{"timestamp":"2026-07-12T14:12:52.350020Z","level":"info","event":"::group::Post Execute","task_id":"compute_kpis","ti_id":"019f56ac-5f1a-7da2-a822-64266eac4f27","try_number":1,"map_index":-1,"dag_id":"ecommerce_pipeline","run_id":"manual__2026-07-12T14:12:44.936517+00:00","logger":"task","filename":"task_runner.py","lineno":1288}
{"timestamp":"2026-07-12T14:12:52.350273Z","level":"info","event":"Pushing xcom","ti":"RuntimeTaskInstance(id=UUID('019f56ac-5f1a-7da2-a822-64266eac4f27'), task_id='compute_kpis', dag_id='ecommerce_pipeline', run_id='manual__2026-07-12T14:12:44.936517+00:00', try_number=1, dag_version_id=UUID('019f56ab-84a1-70e0-9de6-63e590ca1e5c'), map_index=-1, hostname='feb86900a43e', context_carrier={'traceparent': '00-8760918ff53dea19b52d4eba392b1ab9-092db6b2b9c6ca62-01'}, task=<Task(_PythonDecoratedOperator): compute_kpis>, bundle_instance=LocalDagBundle(name=dags-folder), max_tries=0, start_date=datetime.datetime(2026, 7, 12, 14, 12, 50, 646622, tzinfo=datetime.timezone.utc), end_date=None, state=<TaskInstanceState.RUNNING: 'running'>, is_mapped=False, rendered_map_index=None, sentry_integration='')","task_id":"compute_kpis","ti_id":"019f56ac-5f1a-7da2-a822-64266eac4f27","try_number":1,"map_index":-1,"dag_id":"ecommerce_pipeline","run_id":"manual__2026-07-12T14:12:44.936517+00:00","logger":"task","filename":"task_runner.py","lineno":1791}
{"timestamp":"2026-07-12T14:12:52.394602Z","level":"info","event":"Task instance in success state","logger":"task.stdout"}
{"timestamp":"2026-07-12T14:12:52.395239Z","level":"info","event":" Previous state of the Task instance: TaskInstanceState.RUNNING","logger":"task.stdout"}
{"timestamp":"2026-07-12T14:12:52.395809Z","level":"info","event":"Task operator:<Task(_PythonDecoratedOperator): compute_kpis>","logger":"task.stdout"}
{"timestamp":"2026-07-12T14:12:52.394922Z","level":"info","event":"::endgroup::","task_id":"compute_kpis","ti_id":"019f56ac-5f1a-7da2-a822-64266eac4f27","try_number":1,"map_index":-1,"dag_id":"ecommerce_pipeline","run_id":"manual__2026-07-12T14:12:44.936517+00:00","logger":"task","filename":"task_runner.py","lineno":1896}
