{"timestamp":"2026-07-12T14:40:22.968810Z","level":"info","event":"::group::Pre Execute","logger":"task","filename":"task_runner.py","lineno":1926}
{"timestamp":"2026-07-12T14:40:23.353862Z","level":"info","event":"DAG bundles loaded: dags-folder, example_dags","ti_id":"019f56c5-8adb-7ebc-ba9c-52bf2f713012","task_id":"compute_kpis","try_number":1,"dag_id":"ecommerce_pipeline","map_index":-1,"run_id":"manual__2026-07-12T14:40:14.510977+00:00","logger":"airflow.dag_processing.bundles.manager.DagBundlesManager","filename":"manager.py","lineno":209}
{"timestamp":"2026-07-12T14:40:23.356253Z","level":"info","event":"Filling up the DagBag from /opt/airflow/dags/ecommerce_pipeline.py","ti_id":"019f56c5-8adb-7ebc-ba9c-52bf2f713012","task_id":"compute_kpis","try_number":1,"dag_id":"ecommerce_pipeline","map_index":-1,"run_id":"manual__2026-07-12T14:40:14.510977+00:00","logger":"airflow.dag_processing.dagbag.BundleDagBag","filename":"dagbag.py","lineno":469}
{"timestamp":"2026-07-12T14:40:23.454467Z","level":"warning","event":"The `airflow.decorators.task` attribute is deprecated. Please use `'airflow.sdk.task'`.","category":"UserWarning","filename":"/opt/airflow/dags/ecommerce_pipeline.py","lineno":2,"ti_id":"019f56c5-8adb-7ebc-ba9c-52bf2f713012","task_id":"compute_kpis","try_number":1,"dag_id":"ecommerce_pipeline","map_index":-1,"run_id":"manual__2026-07-12T14:40:14.510977+00:00","logger":"py.warnings"}
{"timestamp":"2026-07-12T14:40:23.481435Z","level":"info","event":"Task instance is in running state","logger":"task.stdout"}
{"timestamp":"2026-07-12T14:40:23.482349Z","level":"info","event":" Previous state of the Task instance: TaskInstanceState.QUEUED","logger":"task.stdout"}
{"timestamp":"2026-07-12T14:40:23.483033Z","level":"info","event":"Current task name:compute_kpis","logger":"task.stdout"}
{"timestamp":"2026-07-12T14:40:23.483656Z","level":"info","event":"Dag name:ecommerce_pipeline","logger":"task.stdout"}
{"timestamp":"2026-07-12T14:40:23.481888Z","level":"info","event":"::endgroup::","ti_id":"019f56c5-8adb-7ebc-ba9c-52bf2f713012","task_id":"compute_kpis","try_number":1,"dag_id":"ecommerce_pipeline","map_index":-1,"run_id":"manual__2026-07-12T14:40:14.510977+00:00","logger":"task","filename":"task_runner.py","lineno":1727}
{"timestamp":"2026-07-12T14:40:25.419793Z","level":"info","event":"Nombre de commandes : 98666","logger":"task.stdout"}
{"timestamp":"2026-07-12T14:40:25.420778Z","level":"info","event":"Chiffre d'affaires : 13591643.7","logger":"task.stdout"}
{"timestamp":"2026-07-12T14:40:25.421532Z","level":"info","event":"Prix moyen : 120.65","logger":"task.stdout"}
{"timestamp":"2026-07-12T14:40:25.422203Z","level":"info","event":"Produit le plus vendu :","logger":"task.stdout"}
{"timestamp":"2026-07-12T14:40:25.422893Z","level":"info","event":"product_id","logger":"task.stdout"}
{"timestamp":"2026-07-12T14:40:25.423785Z","level":"info","event":"aca2eb7d00ea1a7b8ebd4e68314663af    527","logger":"task.stdout"}
{"timestamp":"2026-07-12T14:40:25.424735Z","level":"info","event":"dtype: int64","logger":"task.stdout"}
{"timestamp":"2026-07-12T14:40:25.425623Z","level":"info","event":"Catégorie la plus vendue :","logger":"task.stdout"}
{"timestamp":"2026-07-12T14:40:25.426365Z","level":"info","event":"product_category_name","logger":"task.stdout"}
{"timestamp":"2026-07-12T14:40:25.427166Z","level":"info","event":"cama_mesa_banho    11115","logger":"task.stdout"}
{"timestamp":"2026-07-12T14:40:25.427881Z","level":"info","event":"dtype: int64","logger":"task.stdout"}
{"timestamp":"2026-07-12T14:40:25.451347Z","level":"info","event":"Done. Returned value was: {'orders': 98666, 'sales': 13591643.700000001, 'avg_price': 120.65373901464714}","ti_id":"019f56c5-8adb-7ebc-ba9c-52bf2f713012","task_id":"compute_kpis","try_number":1,"dag_id":"ecommerce_pipeline","map_index":-1,"run_id":"manual__2026-07-12T14:40:14.510977+00:00","logger":"airflow.task.operators.airflow.providers.standard.decorators.python._PythonDecoratedOperator","filename":"python.py","lineno":233}
{"timestamp":"2026-07-12T14:40:25.451632Z","level":"info","event":"::group::Post Execute","ti_id":"019f56c5-8adb-7ebc-ba9c-52bf2f713012","task_id":"compute_kpis","try_number":1,"dag_id":"ecommerce_pipeline","map_index":-1,"run_id":"manual__2026-07-12T14:40:14.510977+00:00","logger":"task","filename":"task_runner.py","lineno":1288}
{"timestamp":"2026-07-12T14:40:25.451839Z","level":"info","event":"Pushing xcom","ti":"RuntimeTaskInstance(id=UUID('019f56c5-8adb-7ebc-ba9c-52bf2f713012'), task_id='compute_kpis', dag_id='ecommerce_pipeline', run_id='manual__2026-07-12T14:40:14.510977+00:00', try_number=1, dag_version_id=UUID('019f56c4-b63c-7074-8092-c693b4d85bec'), map_index=-1, hostname='feb86900a43e', context_carrier={'traceparent': '00-c0a9667ec5a320a974aba9fee4724170-64401b340f42fe44-01'}, task=<Task(_PythonDecoratedOperator): compute_kpis>, bundle_instance=LocalDagBundle(name=dags-folder), max_tries=0, start_date=datetime.datetime(2026, 7, 12, 14, 40, 22, 970635, tzinfo=datetime.timezone.utc), end_date=None, state=<TaskInstanceState.RUNNING: 'running'>, is_mapped=False, rendered_map_index=None, sentry_integration='')","ti_id":"019f56c5-8adb-7ebc-ba9c-52bf2f713012","task_id":"compute_kpis","try_number":1,"dag_id":"ecommerce_pipeline","map_index":-1,"run_id":"manual__2026-07-12T14:40:14.510977+00:00","logger":"task","filename":"task_runner.py","lineno":1791}
{"timestamp":"2026-07-12T14:40:24.996159Z","level":"info","event":"Task instance in success state","logger":"task.stdout"}
{"timestamp":"2026-07-12T14:40:24.996975Z","level":"info","event":" Previous state of the Task instance: TaskInstanceState.RUNNING","logger":"task.stdout"}
{"timestamp":"2026-07-12T14:40:24.997811Z","level":"info","event":"Task operator:<Task(_PythonDecoratedOperator): compute_kpis>","logger":"task.stdout"}
{"timestamp":"2026-07-12T14:40:24.996496Z","level":"info","event":"::endgroup::","ti_id":"019f56c5-8adb-7ebc-ba9c-52bf2f713012","task_id":"compute_kpis","try_number":1,"dag_id":"ecommerce_pipeline","map_index":-1,"run_id":"manual__2026-07-12T14:40:14.510977+00:00","logger":"task","filename":"task_runner.py","lineno":1896}
