{"timestamp":"2026-07-12T15:10:01.688846Z","level":"info","event":"::group::Pre Execute","logger":"task","filename":"task_runner.py","lineno":1926}
{"timestamp":"2026-07-12T15:10:02.159658Z","level":"info","event":"DAG bundles loaded: dags-folder, example_dags","map_index":-1,"task_id":"pipeline_summary","run_id":"manual__2026-07-12T15:09:43.692233+00:00","try_number":1,"dag_id":"ecommerce_pipeline","ti_id":"019f56e0-89ba-7bae-aa9e-b5a032e7ba62","logger":"airflow.dag_processing.bundles.manager.DagBundlesManager","filename":"manager.py","lineno":209}
{"timestamp":"2026-07-12T15:10:02.163445Z","level":"info","event":"Filling up the DagBag from /opt/airflow/dags/ecommerce_pipeline.py","map_index":-1,"task_id":"pipeline_summary","run_id":"manual__2026-07-12T15:09:43.692233+00:00","try_number":1,"dag_id":"ecommerce_pipeline","ti_id":"019f56e0-89ba-7bae-aa9e-b5a032e7ba62","logger":"airflow.dag_processing.dagbag.BundleDagBag","filename":"dagbag.py","lineno":469}
{"timestamp":"2026-07-12T15:10:02.280267Z","level":"warning","event":"The `airflow.decorators.task` attribute is deprecated. Please use `'airflow.sdk.task'`.","category":"UserWarning","filename":"/opt/airflow/dags/ecommerce_pipeline.py","lineno":2,"map_index":-1,"task_id":"pipeline_summary","run_id":"manual__2026-07-12T15:09:43.692233+00:00","try_number":1,"dag_id":"ecommerce_pipeline","ti_id":"019f56e0-89ba-7bae-aa9e-b5a032e7ba62","logger":"py.warnings"}
{"timestamp":"2026-07-12T15:10:02.306264Z","level":"info","event":"Task instance is in running state","logger":"task.stdout"}
{"timestamp":"2026-07-12T15:10:02.306831Z","level":"info","event":" Previous state of the Task instance: TaskInstanceState.QUEUED","logger":"task.stdout"}
{"timestamp":"2026-07-12T15:10:02.307448Z","level":"info","event":"Current task name:pipeline_summary","logger":"task.stdout"}
{"timestamp":"2026-07-12T15:10:02.307904Z","level":"info","event":"Dag name:ecommerce_pipeline","logger":"task.stdout"}
{"timestamp":"2026-07-12T15:10:02.306824Z","level":"info","event":"::endgroup::","map_index":-1,"task_id":"pipeline_summary","run_id":"manual__2026-07-12T15:09:43.692233+00:00","try_number":1,"dag_id":"ecommerce_pipeline","ti_id":"019f56e0-89ba-7bae-aa9e-b5a032e7ba62","logger":"task","filename":"task_runner.py","lineno":1727}
{"timestamp":"2026-07-12T15:10:02.309322Z","level":"info","event":"============================================================","logger":"task.stdout"}
{"timestamp":"2026-07-12T15:10:02.309900Z","level":"info","event":"PIPELINE SUMMARY","logger":"task.stdout"}
{"timestamp":"2026-07-12T15:10:02.310410Z","level":"info","event":"============================================================","logger":"task.stdout"}
{"timestamp":"2026-07-12T15:10:02.310954Z","level":"info","event":"Orders loaded","logger":"task.stdout"}
{"timestamp":"2026-07-12T15:10:02.311277Z","level":"info","event":"Merge completed","logger":"task.stdout"}
{"timestamp":"2026-07-12T15:10:02.311685Z","level":"info","event":"KPI generated","logger":"task.stdout"}
{"timestamp":"2026-07-12T15:10:02.312274Z","level":"info","event":"CSV report generated","logger":"task.stdout"}
{"timestamp":"2026-07-12T15:10:02.312766Z","level":"info","event":"JSON report generated","logger":"task.stdout"}
{"timestamp":"2026-07-12T15:10:02.313173Z","level":"info","event":"MongoDB updated","logger":"task.stdout"}
{"timestamp":"2026-07-12T15:10:02.313591Z","level":"info","event":"Category analysis completed","logger":"task.stdout"}
{"timestamp":"2026-07-12T15:10:02.308886Z","level":"info","event":"Done. Returned value was: True","map_index":-1,"task_id":"pipeline_summary","run_id":"manual__2026-07-12T15:09:43.692233+00:00","try_number":1,"dag_id":"ecommerce_pipeline","ti_id":"019f56e0-89ba-7bae-aa9e-b5a032e7ba62","logger":"airflow.task.operators.airflow.providers.standard.decorators.python._PythonDecoratedOperator","filename":"python.py","lineno":233}
{"timestamp":"2026-07-12T15:10:02.309203Z","level":"info","event":"::group::Post Execute","map_index":-1,"task_id":"pipeline_summary","run_id":"manual__2026-07-12T15:09:43.692233+00:00","try_number":1,"dag_id":"ecommerce_pipeline","ti_id":"019f56e0-89ba-7bae-aa9e-b5a032e7ba62","logger":"task","filename":"task_runner.py","lineno":1288}
{"timestamp":"2026-07-12T15:10:02.309509Z","level":"info","event":"Pushing xcom","ti":"RuntimeTaskInstance(id=UUID('019f56e0-89ba-7bae-aa9e-b5a032e7ba62'), task_id='pipeline_summary', dag_id='ecommerce_pipeline', run_id='manual__2026-07-12T15:09:43.692233+00:00', try_number=1, dag_version_id=UUID('019f56c8-2878-75bb-b0d3-a51d098a9b16'), map_index=-1, hostname='feb86900a43e', context_carrier={'traceparent': '00-f2e813ecfd1660d05cc20b25ff0e3da7-f45981fc321f4529-01'}, task=<Task(_PythonDecoratedOperator): pipeline_summary>, bundle_instance=LocalDagBundle(name=dags-folder), max_tries=0, start_date=datetime.datetime(2026, 7, 12, 15, 10, 1, 697117, tzinfo=datetime.timezone.utc), end_date=None, state=<TaskInstanceState.RUNNING: 'running'>, is_mapped=False, rendered_map_index=None, sentry_integration='')","map_index":-1,"task_id":"pipeline_summary","run_id":"manual__2026-07-12T15:09:43.692233+00:00","try_number":1,"dag_id":"ecommerce_pipeline","ti_id":"019f56e0-89ba-7bae-aa9e-b5a032e7ba62","logger":"task","filename":"task_runner.py","lineno":1791}
{"timestamp":"2026-07-12T15:10:02.351428Z","level":"info","event":"Task instance in success state","logger":"task.stdout"}
{"timestamp":"2026-07-12T15:10:02.352107Z","level":"info","event":" Previous state of the Task instance: TaskInstanceState.RUNNING","logger":"task.stdout"}
{"timestamp":"2026-07-12T15:10:02.352629Z","level":"info","event":"Task operator:<Task(_PythonDecoratedOperator): pipeline_summary>","logger":"task.stdout"}
{"timestamp":"2026-07-12T15:10:02.351904Z","level":"info","event":"::endgroup::","map_index":-1,"task_id":"pipeline_summary","run_id":"manual__2026-07-12T15:09:43.692233+00:00","try_number":1,"dag_id":"ecommerce_pipeline","ti_id":"019f56e0-89ba-7bae-aa9e-b5a032e7ba62","logger":"task","filename":"task_runner.py","lineno":1896}
