{"timestamp":"2026-07-12T14:18:33.590981Z","level":"info","event":"::group::Pre Execute","logger":"task","filename":"task_runner.py","lineno":1926}
{"timestamp":"2026-07-12T14:18:34.018857Z","level":"info","event":"DAG bundles loaded: dags-folder, example_dags","try_number":1,"task_id":"generate_report","run_id":"manual__2026-07-12T14:18:25.109941+00:00","dag_id":"ecommerce_pipeline","map_index":-1,"ti_id":"019f56b1-8ff1-750f-8e8f-f0e6f5a00687","logger":"airflow.dag_processing.bundles.manager.DagBundlesManager","filename":"manager.py","lineno":209}
{"timestamp":"2026-07-12T14:18:34.022126Z","level":"info","event":"Filling up the DagBag from /opt/airflow/dags/ecommerce_pipeline.py","try_number":1,"task_id":"generate_report","run_id":"manual__2026-07-12T14:18:25.109941+00:00","dag_id":"ecommerce_pipeline","map_index":-1,"ti_id":"019f56b1-8ff1-750f-8e8f-f0e6f5a00687","logger":"airflow.dag_processing.dagbag.BundleDagBag","filename":"dagbag.py","lineno":469}
{"timestamp":"2026-07-12T14:18:34.110361Z","level":"warning","event":"The `airflow.decorators.task` attribute is deprecated. Please use `'airflow.sdk.task'`.","category":"UserWarning","filename":"/opt/airflow/dags/ecommerce_pipeline.py","lineno":2,"try_number":1,"task_id":"generate_report","run_id":"manual__2026-07-12T14:18:25.109941+00:00","dag_id":"ecommerce_pipeline","map_index":-1,"ti_id":"019f56b1-8ff1-750f-8e8f-f0e6f5a00687","logger":"py.warnings"}
{"timestamp":"2026-07-12T14:18:34.139592Z","level":"info","event":"Task instance is in running state","logger":"task.stdout"}
{"timestamp":"2026-07-12T14:18:34.140461Z","level":"info","event":" Previous state of the Task instance: TaskInstanceState.QUEUED","logger":"task.stdout"}
{"timestamp":"2026-07-12T14:18:34.141115Z","level":"info","event":"Current task name:generate_report","logger":"task.stdout"}
{"timestamp":"2026-07-12T14:18:34.141569Z","level":"info","event":"Dag name:ecommerce_pipeline","logger":"task.stdout"}
{"timestamp":"2026-07-12T14:18:34.140045Z","level":"info","event":"::endgroup::","try_number":1,"task_id":"generate_report","run_id":"manual__2026-07-12T14:18:25.109941+00:00","dag_id":"ecommerce_pipeline","map_index":-1,"ti_id":"019f56b1-8ff1-750f-8e8f-f0e6f5a00687","logger":"task","filename":"task_runner.py","lineno":1727}
{"timestamp":"2026-07-12T14:18:35.782326Z","level":"info","event":"          Metric            Value","logger":"task.stdout"}
{"timestamp":"2026-07-12T14:18:35.783221Z","level":"info","event":"0   Total Orders            98666","logger":"task.stdout"}
{"timestamp":"2026-07-12T14:18:35.783822Z","level":"info","event":"1    Total Sales       13591643.7","logger":"task.stdout"}
{"timestamp":"2026-07-12T14:18:35.784320Z","level":"info","event":"2  Average Price           120.65","logger":"task.stdout"}
{"timestamp":"2026-07-12T14:18:35.784799Z","level":"info","event":"3   Top Category  cama_mesa_banho","logger":"task.stdout"}
{"timestamp":"2026-07-12T14:18:35.821912Z","level":"info","event":"Done. Returned value was: /opt/airflow/reports/kpi_report.csv","try_number":1,"task_id":"generate_report","run_id":"manual__2026-07-12T14:18:25.109941+00:00","dag_id":"ecommerce_pipeline","map_index":-1,"ti_id":"019f56b1-8ff1-750f-8e8f-f0e6f5a00687","logger":"airflow.task.operators.airflow.providers.standard.decorators.python._PythonDecoratedOperator","filename":"python.py","lineno":233}
{"timestamp":"2026-07-12T14:18:35.822240Z","level":"info","event":"::group::Post Execute","try_number":1,"task_id":"generate_report","run_id":"manual__2026-07-12T14:18:25.109941+00:00","dag_id":"ecommerce_pipeline","map_index":-1,"ti_id":"019f56b1-8ff1-750f-8e8f-f0e6f5a00687","logger":"task","filename":"task_runner.py","lineno":1288}
{"timestamp":"2026-07-12T14:18:35.822544Z","level":"info","event":"Pushing xcom","ti":"RuntimeTaskInstance(id=UUID('019f56b1-8ff1-750f-8e8f-f0e6f5a00687'), task_id='generate_report', dag_id='ecommerce_pipeline', run_id='manual__2026-07-12T14:18:25.109941+00:00', try_number=1, dag_version_id=UUID('019f56af-6900-788f-93bb-34c654efa365'), map_index=-1, hostname='feb86900a43e', context_carrier={'traceparent': '00-ead67eaf2829e88e41df222a560e80a2-e50162cb2d71af59-01'}, task=<Task(_PythonDecoratedOperator): generate_report>, bundle_instance=LocalDagBundle(name=dags-folder), max_tries=0, start_date=datetime.datetime(2026, 7, 12, 14, 18, 33, 596097, tzinfo=datetime.timezone.utc), end_date=None, state=<TaskInstanceState.RUNNING: 'running'>, is_mapped=False, rendered_map_index=None, sentry_integration='')","try_number":1,"task_id":"generate_report","run_id":"manual__2026-07-12T14:18:25.109941+00:00","dag_id":"ecommerce_pipeline","map_index":-1,"ti_id":"019f56b1-8ff1-750f-8e8f-f0e6f5a00687","logger":"task","filename":"task_runner.py","lineno":1791}
{"timestamp":"2026-07-12T14:18:35.863868Z","level":"info","event":"Task instance in success state","logger":"task.stdout"}
{"timestamp":"2026-07-12T14:18:35.864616Z","level":"info","event":" Previous state of the Task instance: TaskInstanceState.RUNNING","logger":"task.stdout"}
{"timestamp":"2026-07-12T14:18:35.865148Z","level":"info","event":"Task operator:<Task(_PythonDecoratedOperator): generate_report>","logger":"task.stdout"}
{"timestamp":"2026-07-12T14:18:35.864166Z","level":"info","event":"::endgroup::","try_number":1,"task_id":"generate_report","run_id":"manual__2026-07-12T14:18:25.109941+00:00","dag_id":"ecommerce_pipeline","map_index":-1,"ti_id":"019f56b1-8ff1-750f-8e8f-f0e6f5a00687","logger":"task","filename":"task_runner.py","lineno":1896}
