{"timestamp":"2026-07-12T15:07:05.893025Z","level":"info","event":"::group::Pre Execute","logger":"task","filename":"task_runner.py","lineno":1926}
{"timestamp":"2026-07-12T15:07:06.390830Z","level":"info","event":"DAG bundles loaded: dags-folder, example_dags","map_index":-1,"ti_id":"019f56dd-f604-7a7e-8994-5111934c4b67","dag_id":"ecommerce_pipeline","task_id":"pipeline_summary","try_number":1,"run_id":"manual__2026-07-12T15:06:48.378382+00:00","logger":"airflow.dag_processing.bundles.manager.DagBundlesManager","filename":"manager.py","lineno":209}
{"timestamp":"2026-07-12T15:07:06.394845Z","level":"info","event":"Filling up the DagBag from /opt/airflow/dags/ecommerce_pipeline.py","map_index":-1,"ti_id":"019f56dd-f604-7a7e-8994-5111934c4b67","dag_id":"ecommerce_pipeline","task_id":"pipeline_summary","try_number":1,"run_id":"manual__2026-07-12T15:06:48.378382+00:00","logger":"airflow.dag_processing.dagbag.BundleDagBag","filename":"dagbag.py","lineno":469}
{"timestamp":"2026-07-12T15:07:06.499727Z","level":"warning","event":"The `airflow.decorators.task` attribute is deprecated. Please use `'airflow.sdk.task'`.","category":"UserWarning","filename":"/opt/airflow/dags/ecommerce_pipeline.py","lineno":2,"map_index":-1,"ti_id":"019f56dd-f604-7a7e-8994-5111934c4b67","dag_id":"ecommerce_pipeline","task_id":"pipeline_summary","try_number":1,"run_id":"manual__2026-07-12T15:06:48.378382+00:00","logger":"py.warnings"}
{"timestamp":"2026-07-12T15:07:06.525385Z","level":"info","event":"Task instance is in running state","logger":"task.stdout"}
{"timestamp":"2026-07-12T15:07:06.526142Z","level":"info","event":" Previous state of the Task instance: TaskInstanceState.QUEUED","logger":"task.stdout"}
{"timestamp":"2026-07-12T15:07:06.526814Z","level":"info","event":"Current task name:pipeline_summary","logger":"task.stdout"}
{"timestamp":"2026-07-12T15:07:06.527351Z","level":"info","event":"Dag name:ecommerce_pipeline","logger":"task.stdout"}
{"timestamp":"2026-07-12T15:07:06.525812Z","level":"info","event":"::endgroup::","map_index":-1,"ti_id":"019f56dd-f604-7a7e-8994-5111934c4b67","dag_id":"ecommerce_pipeline","task_id":"pipeline_summary","try_number":1,"run_id":"manual__2026-07-12T15:06:48.378382+00:00","logger":"task","filename":"task_runner.py","lineno":1727}
{"timestamp":"2026-07-12T15:07:06.527728Z","level":"info","event":"Done. Returned value was: True","map_index":-1,"ti_id":"019f56dd-f604-7a7e-8994-5111934c4b67","dag_id":"ecommerce_pipeline","task_id":"pipeline_summary","try_number":1,"run_id":"manual__2026-07-12T15:06:48.378382+00:00","logger":"airflow.task.operators.airflow.providers.standard.decorators.python._PythonDecoratedOperator","filename":"python.py","lineno":233}
{"timestamp":"2026-07-12T15:07:06.528999Z","level":"info","event":"============================================================","logger":"task.stdout"}
{"timestamp":"2026-07-12T15:07:06.529291Z","level":"info","event":"PIPELINE SUMMARY","logger":"task.stdout"}
{"timestamp":"2026-07-12T15:07:06.529686Z","level":"info","event":"============================================================","logger":"task.stdout"}
{"timestamp":"2026-07-12T15:07:06.530012Z","level":"info","event":"Orders loaded","logger":"task.stdout"}
{"timestamp":"2026-07-12T15:07:06.530310Z","level":"info","event":"Merge completed","logger":"task.stdout"}
{"timestamp":"2026-07-12T15:07:06.530710Z","level":"info","event":"KPI generated","logger":"task.stdout"}
{"timestamp":"2026-07-12T15:07:06.531125Z","level":"info","event":"CSV report generated","logger":"task.stdout"}
{"timestamp":"2026-07-12T15:07:06.531505Z","level":"info","event":"JSON report generated","logger":"task.stdout"}
{"timestamp":"2026-07-12T15:07:06.532003Z","level":"info","event":"MongoDB updated","logger":"task.stdout"}
{"timestamp":"2026-07-12T15:07:06.532509Z","level":"info","event":"Category analysis completed","logger":"task.stdout"}
{"timestamp":"2026-07-12T15:07:06.527951Z","level":"info","event":"::group::Post Execute","map_index":-1,"ti_id":"019f56dd-f604-7a7e-8994-5111934c4b67","dag_id":"ecommerce_pipeline","task_id":"pipeline_summary","try_number":1,"run_id":"manual__2026-07-12T15:06:48.378382+00:00","logger":"task","filename":"task_runner.py","lineno":1288}
{"timestamp":"2026-07-12T15:07:06.528209Z","level":"info","event":"Pushing xcom","ti":"RuntimeTaskInstance(id=UUID('019f56dd-f604-7a7e-8994-5111934c4b67'), task_id='pipeline_summary', dag_id='ecommerce_pipeline', run_id='manual__2026-07-12T15:06:48.378382+00:00', try_number=1, dag_version_id=UUID('019f56c8-2878-75bb-b0d3-a51d098a9b16'), map_index=-1, hostname='feb86900a43e', context_carrier={'traceparent': '00-1d3c6f1240c90d70e28d711e83aa5b12-dc28913d6567401c-01'}, task=<Task(_PythonDecoratedOperator): pipeline_summary>, bundle_instance=LocalDagBundle(name=dags-folder), max_tries=0, start_date=datetime.datetime(2026, 7, 12, 15, 7, 5, 899904, tzinfo=datetime.timezone.utc), end_date=None, state=<TaskInstanceState.RUNNING: 'running'>, is_mapped=False, rendered_map_index=None, sentry_integration='')","map_index":-1,"ti_id":"019f56dd-f604-7a7e-8994-5111934c4b67","dag_id":"ecommerce_pipeline","task_id":"pipeline_summary","try_number":1,"run_id":"manual__2026-07-12T15:06:48.378382+00:00","logger":"task","filename":"task_runner.py","lineno":1791}
{"timestamp":"2026-07-12T15:07:13.197063Z","level":"info","event":"Task instance in success state","logger":"task.stdout"}
{"timestamp":"2026-07-12T15:07:13.197988Z","level":"info","event":" Previous state of the Task instance: TaskInstanceState.RUNNING","logger":"task.stdout"}
{"timestamp":"2026-07-12T15:07:13.199110Z","level":"info","event":"Task operator:<Task(_PythonDecoratedOperator): pipeline_summary>","logger":"task.stdout"}
{"timestamp":"2026-07-12T15:07:13.197571Z","level":"info","event":"::endgroup::","map_index":-1,"ti_id":"019f56dd-f604-7a7e-8994-5111934c4b67","dag_id":"ecommerce_pipeline","task_id":"pipeline_summary","try_number":1,"run_id":"manual__2026-07-12T15:06:48.378382+00:00","logger":"task","filename":"task_runner.py","lineno":1896}
