{"timestamp":"2026-07-12T15:22:51.204247Z","level":"info","event":"::group::Pre Execute","logger":"task","filename":"task_runner.py","lineno":1926}
{"timestamp":"2026-07-12T15:22:51.592308Z","level":"info","event":"DAG bundles loaded: dags-folder, example_dags","dag_id":"ecommerce_pipeline","task_id":"pipeline_summary","try_number":1,"ti_id":"019f56ec-3114-770c-ba51-216c920a19c8","run_id":"manual__2026-07-12T15:22:27.416919+00:00","map_index":-1,"logger":"airflow.dag_processing.bundles.manager.DagBundlesManager","filename":"manager.py","lineno":209}
{"timestamp":"2026-07-12T15:22:51.595809Z","level":"info","event":"Filling up the DagBag from /opt/airflow/dags/ecommerce_pipeline.py","dag_id":"ecommerce_pipeline","task_id":"pipeline_summary","try_number":1,"ti_id":"019f56ec-3114-770c-ba51-216c920a19c8","run_id":"manual__2026-07-12T15:22:27.416919+00:00","map_index":-1,"logger":"airflow.dag_processing.dagbag.BundleDagBag","filename":"dagbag.py","lineno":469}
{"timestamp":"2026-07-12T15:22:51.691085Z","level":"warning","event":"The `airflow.decorators.task` attribute is deprecated. Please use `'airflow.sdk.task'`.","category":"UserWarning","filename":"/opt/airflow/dags/ecommerce_pipeline.py","lineno":2,"dag_id":"ecommerce_pipeline","task_id":"pipeline_summary","try_number":1,"ti_id":"019f56ec-3114-770c-ba51-216c920a19c8","run_id":"manual__2026-07-12T15:22:27.416919+00:00","map_index":-1,"logger":"py.warnings"}
{"timestamp":"2026-07-12T15:22:51.720902Z","level":"info","event":"Task instance is in running state","logger":"task.stdout"}
{"timestamp":"2026-07-12T15:22:51.721744Z","level":"info","event":" Previous state of the Task instance: TaskInstanceState.QUEUED","logger":"task.stdout"}
{"timestamp":"2026-07-12T15:22:51.722260Z","level":"info","event":"Current task name:pipeline_summary","logger":"task.stdout"}
{"timestamp":"2026-07-12T15:22:51.722771Z","level":"info","event":"Dag name:ecommerce_pipeline","logger":"task.stdout"}
{"timestamp":"2026-07-12T15:22:51.721302Z","level":"info","event":"::endgroup::","dag_id":"ecommerce_pipeline","task_id":"pipeline_summary","try_number":1,"ti_id":"019f56ec-3114-770c-ba51-216c920a19c8","run_id":"manual__2026-07-12T15:22:27.416919+00:00","map_index":-1,"logger":"task","filename":"task_runner.py","lineno":1727}
{"timestamp":"2026-07-12T15:22:51.723004Z","level":"info","event":"Done. Returned value was: True","dag_id":"ecommerce_pipeline","task_id":"pipeline_summary","try_number":1,"ti_id":"019f56ec-3114-770c-ba51-216c920a19c8","run_id":"manual__2026-07-12T15:22:27.416919+00:00","map_index":-1,"logger":"airflow.task.operators.airflow.providers.standard.decorators.python._PythonDecoratedOperator","filename":"python.py","lineno":233}
{"timestamp":"2026-07-12T15:22:51.723235Z","level":"info","event":"::group::Post Execute","dag_id":"ecommerce_pipeline","task_id":"pipeline_summary","try_number":1,"ti_id":"019f56ec-3114-770c-ba51-216c920a19c8","run_id":"manual__2026-07-12T15:22:27.416919+00:00","map_index":-1,"logger":"task","filename":"task_runner.py","lineno":1288}
{"timestamp":"2026-07-12T15:22:51.725237Z","level":"info","event":"============================================================","logger":"task.stdout"}
{"timestamp":"2026-07-12T15:22:51.725638Z","level":"info","event":"PIPELINE SUMMARY","logger":"task.stdout"}
{"timestamp":"2026-07-12T15:22:51.726101Z","level":"info","event":"============================================================","logger":"task.stdout"}
{"timestamp":"2026-07-12T15:22:51.726552Z","level":"info","event":"Orders loaded","logger":"task.stdout"}
{"timestamp":"2026-07-12T15:22:51.727112Z","level":"info","event":"Merge completed","logger":"task.stdout"}
{"timestamp":"2026-07-12T15:22:51.727597Z","level":"info","event":"KPI generated","logger":"task.stdout"}
{"timestamp":"2026-07-12T15:22:51.728016Z","level":"info","event":"CSV report generated","logger":"task.stdout"}
{"timestamp":"2026-07-12T15:22:51.728466Z","level":"info","event":"JSON report generated","logger":"task.stdout"}
{"timestamp":"2026-07-12T15:22:51.728928Z","level":"info","event":"MongoDB updated","logger":"task.stdout"}
{"timestamp":"2026-07-12T15:22:51.729303Z","level":"info","event":"Category analysis completed","logger":"task.stdout"}
{"timestamp":"2026-07-12T15:22:51.723445Z","level":"info","event":"Pushing xcom","ti":"RuntimeTaskInstance(id=UUID('019f56ec-3114-770c-ba51-216c920a19c8'), task_id='pipeline_summary', dag_id='ecommerce_pipeline', run_id='manual__2026-07-12T15:22:27.416919+00:00', try_number=1, dag_version_id=UUID('019f56e4-57d3-727b-9e35-e9efafcc99de'), map_index=-1, hostname='b6ae3380fee5', context_carrier={'traceparent': '00-a9632cff660689c11cd9883417ca7710-fe13d4e01945d790-01'}, task=<Task(_PythonDecoratedOperator): pipeline_summary>, bundle_instance=LocalDagBundle(name=dags-folder), max_tries=0, start_date=datetime.datetime(2026, 7, 12, 15, 22, 51, 209378, tzinfo=datetime.timezone.utc), end_date=None, state=<TaskInstanceState.RUNNING: 'running'>, is_mapped=False, rendered_map_index=None, sentry_integration='')","dag_id":"ecommerce_pipeline","task_id":"pipeline_summary","try_number":1,"ti_id":"019f56ec-3114-770c-ba51-216c920a19c8","run_id":"manual__2026-07-12T15:22:27.416919+00:00","map_index":-1,"logger":"task","filename":"task_runner.py","lineno":1791}
{"timestamp":"2026-07-12T15:22:51.761544Z","level":"info","event":"Task instance in success state","logger":"task.stdout"}
{"timestamp":"2026-07-12T15:22:51.762472Z","level":"info","event":" Previous state of the Task instance: TaskInstanceState.RUNNING","logger":"task.stdout"}
{"timestamp":"2026-07-12T15:22:51.763073Z","level":"info","event":"Task operator:<Task(_PythonDecoratedOperator): pipeline_summary>","logger":"task.stdout"}
{"timestamp":"2026-07-12T15:22:51.761862Z","level":"info","event":"::endgroup::","dag_id":"ecommerce_pipeline","task_id":"pipeline_summary","try_number":1,"ti_id":"019f56ec-3114-770c-ba51-216c920a19c8","run_id":"manual__2026-07-12T15:22:27.416919+00:00","map_index":-1,"logger":"task","filename":"task_runner.py","lineno":1896}
