{"timestamp":"2026-07-12T15:28:00.696498Z","level":"info","event":"::group::Pre Execute","logger":"task","filename":"task_runner.py","lineno":1926}
{"timestamp":"2026-07-12T15:28:00.841487Z","level":"info","event":"DAG bundles loaded: dags-folder, example_dags","dag_id":"ecommerce_pipeline","ti_id":"019f56f0-aaf9-7694-86b6-1c96a4b16fd2","try_number":1,"task_id":"pipeline_summary","map_index":-1,"run_id":"manual__2026-07-12T15:27:20.777536+00:00","logger":"airflow.dag_processing.bundles.manager.DagBundlesManager","filename":"manager.py","lineno":209}
{"timestamp":"2026-07-12T15:28:00.856128Z","level":"info","event":"Filling up the DagBag from /opt/airflow/dags/ecommerce_pipeline.py","dag_id":"ecommerce_pipeline","ti_id":"019f56f0-aaf9-7694-86b6-1c96a4b16fd2","try_number":1,"task_id":"pipeline_summary","map_index":-1,"run_id":"manual__2026-07-12T15:27:20.777536+00:00","logger":"airflow.dag_processing.dagbag.BundleDagBag","filename":"dagbag.py","lineno":469}
{"timestamp":"2026-07-12T15:28:01.063998Z","level":"warning","event":"The `airflow.decorators.task` attribute is deprecated. Please use `'airflow.sdk.task'`.","category":"UserWarning","filename":"/opt/airflow/dags/ecommerce_pipeline.py","lineno":2,"dag_id":"ecommerce_pipeline","ti_id":"019f56f0-aaf9-7694-86b6-1c96a4b16fd2","try_number":1,"task_id":"pipeline_summary","map_index":-1,"run_id":"manual__2026-07-12T15:27:20.777536+00:00","logger":"py.warnings"}
{"timestamp":"2026-07-12T15:28:01.096603Z","level":"info","event":"Task instance is in running state","logger":"task.stdout"}
{"timestamp":"2026-07-12T15:28:01.097411Z","level":"info","event":" Previous state of the Task instance: TaskInstanceState.QUEUED","logger":"task.stdout"}
{"timestamp":"2026-07-12T15:28:01.098857Z","level":"info","event":"Current task name:pipeline_summary","logger":"task.stdout"}
{"timestamp":"2026-07-12T15:28:01.099329Z","level":"info","event":"Dag name:ecommerce_pipeline","logger":"task.stdout"}
{"timestamp":"2026-07-12T15:28:01.100011Z","level":"info","event":"============================================================","logger":"task.stdout"}
{"timestamp":"2026-07-12T15:28:01.100532Z","level":"info","event":"PIPELINE SUMMARY","logger":"task.stdout"}
{"timestamp":"2026-07-12T15:28:01.100996Z","level":"info","event":"============================================================","logger":"task.stdout"}
{"timestamp":"2026-07-12T15:28:01.101482Z","level":"info","event":"Orders loaded","logger":"task.stdout"}
{"timestamp":"2026-07-12T15:28:01.101972Z","level":"info","event":"Merge completed","logger":"task.stdout"}
{"timestamp":"2026-07-12T15:28:01.102552Z","level":"info","event":"KPI generated","logger":"task.stdout"}
{"timestamp":"2026-07-12T15:28:01.103064Z","level":"info","event":"CSV report generated","logger":"task.stdout"}
{"timestamp":"2026-07-12T15:28:01.103541Z","level":"info","event":"JSON report generated","logger":"task.stdout"}
{"timestamp":"2026-07-12T15:28:01.104094Z","level":"info","event":"MongoDB updated","logger":"task.stdout"}
{"timestamp":"2026-07-12T15:28:01.104538Z","level":"info","event":"Category analysis completed","logger":"task.stdout"}
{"timestamp":"2026-07-12T15:28:01.097341Z","level":"info","event":"::endgroup::","dag_id":"ecommerce_pipeline","ti_id":"019f56f0-aaf9-7694-86b6-1c96a4b16fd2","try_number":1,"task_id":"pipeline_summary","map_index":-1,"run_id":"manual__2026-07-12T15:27:20.777536+00:00","logger":"task","filename":"task_runner.py","lineno":1727}
{"timestamp":"2026-07-12T15:28:01.099155Z","level":"info","event":"Done. Returned value was: True","dag_id":"ecommerce_pipeline","ti_id":"019f56f0-aaf9-7694-86b6-1c96a4b16fd2","try_number":1,"task_id":"pipeline_summary","map_index":-1,"run_id":"manual__2026-07-12T15:27:20.777536+00:00","logger":"airflow.task.operators.airflow.providers.standard.decorators.python._PythonDecoratedOperator","filename":"python.py","lineno":233}
{"timestamp":"2026-07-12T15:28:01.099356Z","level":"info","event":"::group::Post Execute","dag_id":"ecommerce_pipeline","ti_id":"019f56f0-aaf9-7694-86b6-1c96a4b16fd2","try_number":1,"task_id":"pipeline_summary","map_index":-1,"run_id":"manual__2026-07-12T15:27:20.777536+00:00","logger":"task","filename":"task_runner.py","lineno":1288}
{"timestamp":"2026-07-12T15:28:01.099609Z","level":"info","event":"Pushing xcom","ti":"RuntimeTaskInstance(id=UUID('019f56f0-aaf9-7694-86b6-1c96a4b16fd2'), task_id='pipeline_summary', dag_id='ecommerce_pipeline', run_id='manual__2026-07-12T15:27:20.777536+00:00', try_number=1, dag_version_id=UUID('019f56ef-f80d-7f3b-83ad-ea58471a9ef6'), map_index=-1, hostname='b6ae3380fee5', context_carrier={'traceparent': '00-61139890164efefdd38379b5acf26e05-c82b9aaf9a595ba3-01'}, task=<Task(_PythonDecoratedOperator): pipeline_summary>, bundle_instance=LocalDagBundle(name=dags-folder), max_tries=0, start_date=datetime.datetime(2026, 7, 12, 15, 28, 0, 704158, tzinfo=datetime.timezone.utc), end_date=None, state=<TaskInstanceState.RUNNING: 'running'>, is_mapped=False, rendered_map_index=None, sentry_integration='')","dag_id":"ecommerce_pipeline","ti_id":"019f56f0-aaf9-7694-86b6-1c96a4b16fd2","try_number":1,"task_id":"pipeline_summary","map_index":-1,"run_id":"manual__2026-07-12T15:27:20.777536+00:00","logger":"task","filename":"task_runner.py","lineno":1791}
{"timestamp":"2026-07-12T15:28:01.082406Z","level":"info","event":"Task instance in success state","logger":"task.stdout"}
{"timestamp":"2026-07-12T15:28:01.083477Z","level":"info","event":" Previous state of the Task instance: TaskInstanceState.RUNNING","logger":"task.stdout"}
{"timestamp":"2026-07-12T15:28:01.084295Z","level":"info","event":"Task operator:<Task(_PythonDecoratedOperator): pipeline_summary>","logger":"task.stdout"}
{"timestamp":"2026-07-12T15:28:01.082912Z","level":"info","event":"::endgroup::","dag_id":"ecommerce_pipeline","ti_id":"019f56f0-aaf9-7694-86b6-1c96a4b16fd2","try_number":1,"task_id":"pipeline_summary","map_index":-1,"run_id":"manual__2026-07-12T15:27:20.777536+00:00","logger":"task","filename":"task_runner.py","lineno":1896}
