{"timestamp":"2026-07-12T15:36:06.934307Z","level":"info","event":"::group::Pre Execute","logger":"task","filename":"task_runner.py","lineno":1926}
{"timestamp":"2026-07-12T15:36:07.494391Z","level":"info","event":"DAG bundles loaded: dags-folder, example_dags","ti_id":"019f56f8-3409-7118-b891-30f535711d1d","run_id":"manual__2026-07-12T15:35:34.598423+00:00","dag_id":"ecommerce_pipeline","map_index":-1,"try_number":1,"task_id":"pipeline_summary","logger":"airflow.dag_processing.bundles.manager.DagBundlesManager","filename":"manager.py","lineno":209}
{"timestamp":"2026-07-12T15:36:07.497630Z","level":"info","event":"Filling up the DagBag from /opt/airflow/dags/ecommerce_pipeline.py","ti_id":"019f56f8-3409-7118-b891-30f535711d1d","run_id":"manual__2026-07-12T15:35:34.598423+00:00","dag_id":"ecommerce_pipeline","map_index":-1,"try_number":1,"task_id":"pipeline_summary","logger":"airflow.dag_processing.dagbag.BundleDagBag","filename":"dagbag.py","lineno":469}
{"timestamp":"2026-07-12T15:36:07.624165Z","level":"warning","event":"The `airflow.decorators.task` attribute is deprecated. Please use `'airflow.sdk.task'`.","category":"UserWarning","filename":"/opt/airflow/dags/ecommerce_pipeline.py","lineno":2,"ti_id":"019f56f8-3409-7118-b891-30f535711d1d","run_id":"manual__2026-07-12T15:35:34.598423+00:00","dag_id":"ecommerce_pipeline","map_index":-1,"try_number":1,"task_id":"pipeline_summary","logger":"py.warnings"}
{"timestamp":"2026-07-12T15:36:07.656635Z","level":"info","event":"Task instance is in running state","logger":"task.stdout"}
{"timestamp":"2026-07-12T15:36:07.657518Z","level":"info","event":" Previous state of the Task instance: TaskInstanceState.QUEUED","logger":"task.stdout"}
{"timestamp":"2026-07-12T15:36:07.658228Z","level":"info","event":"Current task name:pipeline_summary","logger":"task.stdout"}
{"timestamp":"2026-07-12T15:36:07.659005Z","level":"info","event":"Dag name:ecommerce_pipeline","logger":"task.stdout"}
{"timestamp":"2026-07-12T15:36:07.657110Z","level":"info","event":"::endgroup::","ti_id":"019f56f8-3409-7118-b891-30f535711d1d","run_id":"manual__2026-07-12T15:35:34.598423+00:00","dag_id":"ecommerce_pipeline","map_index":-1,"try_number":1,"task_id":"pipeline_summary","logger":"task","filename":"task_runner.py","lineno":1727}
{"timestamp":"2026-07-12T15:36:07.659412Z","level":"info","event":"Done. Returned value was: True","ti_id":"019f56f8-3409-7118-b891-30f535711d1d","run_id":"manual__2026-07-12T15:35:34.598423+00:00","dag_id":"ecommerce_pipeline","map_index":-1,"try_number":1,"task_id":"pipeline_summary","logger":"airflow.task.operators.airflow.providers.standard.decorators.python._PythonDecoratedOperator","filename":"python.py","lineno":233}
{"timestamp":"2026-07-12T15:36:07.661215Z","level":"info","event":"============================================================","logger":"task.stdout"}
{"timestamp":"2026-07-12T15:36:07.661953Z","level":"info","event":"PIPELINE SUMMARY","logger":"task.stdout"}
{"timestamp":"2026-07-12T15:36:07.662510Z","level":"info","event":"============================================================","logger":"task.stdout"}
{"timestamp":"2026-07-12T15:36:07.663410Z","level":"info","event":"Orders loaded","logger":"task.stdout"}
{"timestamp":"2026-07-12T15:36:07.663810Z","level":"info","event":"Merge completed","logger":"task.stdout"}
{"timestamp":"2026-07-12T15:36:07.664480Z","level":"info","event":"KPI generated","logger":"task.stdout"}
{"timestamp":"2026-07-12T15:36:07.664890Z","level":"info","event":"CSV report generated","logger":"task.stdout"}
{"timestamp":"2026-07-12T15:36:07.665415Z","level":"info","event":"JSON report generated","logger":"task.stdout"}
{"timestamp":"2026-07-12T15:36:07.665884Z","level":"info","event":"MongoDB updated","logger":"task.stdout"}
{"timestamp":"2026-07-12T15:36:07.666386Z","level":"info","event":"Category analysis completed","logger":"task.stdout"}
{"timestamp":"2026-07-12T15:36:07.659780Z","level":"info","event":"::group::Post Execute","ti_id":"019f56f8-3409-7118-b891-30f535711d1d","run_id":"manual__2026-07-12T15:35:34.598423+00:00","dag_id":"ecommerce_pipeline","map_index":-1,"try_number":1,"task_id":"pipeline_summary","logger":"task","filename":"task_runner.py","lineno":1288}
{"timestamp":"2026-07-12T15:36:07.660144Z","level":"info","event":"Pushing xcom","ti":"RuntimeTaskInstance(id=UUID('019f56f8-3409-7118-b891-30f535711d1d'), task_id='pipeline_summary', dag_id='ecommerce_pipeline', run_id='manual__2026-07-12T15:35:34.598423+00:00', try_number=1, dag_version_id=UUID('019f56f7-98b1-799e-aa37-ec98d0b3c34f'), map_index=-1, hostname='b6ae3380fee5', context_carrier={'traceparent': '00-d661f4bf0fd055c6bb292801344de6da-1c2e827f740877bc-01'}, task=<Task(_PythonDecoratedOperator): pipeline_summary>, bundle_instance=LocalDagBundle(name=dags-folder), max_tries=0, start_date=datetime.datetime(2026, 7, 12, 15, 36, 6, 946757, tzinfo=datetime.timezone.utc), end_date=None, state=<TaskInstanceState.RUNNING: 'running'>, is_mapped=False, rendered_map_index=None, sentry_integration='')","ti_id":"019f56f8-3409-7118-b891-30f535711d1d","run_id":"manual__2026-07-12T15:35:34.598423+00:00","dag_id":"ecommerce_pipeline","map_index":-1,"try_number":1,"task_id":"pipeline_summary","logger":"task","filename":"task_runner.py","lineno":1791}
{"timestamp":"2026-07-12T15:36:07.713365Z","level":"info","event":"Task instance in success state","logger":"task.stdout"}
{"timestamp":"2026-07-12T15:36:07.714147Z","level":"info","event":" Previous state of the Task instance: TaskInstanceState.RUNNING","logger":"task.stdout"}
{"timestamp":"2026-07-12T15:36:07.714820Z","level":"info","event":"Task operator:<Task(_PythonDecoratedOperator): pipeline_summary>","logger":"task.stdout"}
{"timestamp":"2026-07-12T15:36:07.713966Z","level":"info","event":"::endgroup::","ti_id":"019f56f8-3409-7118-b891-30f535711d1d","run_id":"manual__2026-07-12T15:35:34.598423+00:00","dag_id":"ecommerce_pipeline","map_index":-1,"try_number":1,"task_id":"pipeline_summary","logger":"task","filename":"task_runner.py","lineno":1896}
