{"timestamp":"2026-07-12T15:23:59.611473Z","level":"info","event":"::group::Pre Execute","logger":"task","filename":"task_runner.py","lineno":1926}
{"timestamp":"2026-07-12T15:23:59.960826Z","level":"info","event":"DAG bundles loaded: dags-folder, example_dags","ti_id":"019f56ed-5594-7817-bcfd-1e4e310695d6","run_id":"manual__2026-07-12T15:23:42.310906+00:00","dag_id":"ecommerce_pipeline","map_index":-1,"try_number":1,"task_id":"pipeline_summary","logger":"airflow.dag_processing.bundles.manager.DagBundlesManager","filename":"manager.py","lineno":209}
{"timestamp":"2026-07-12T15:23:59.964135Z","level":"info","event":"Filling up the DagBag from /opt/airflow/dags/ecommerce_pipeline.py","ti_id":"019f56ed-5594-7817-bcfd-1e4e310695d6","run_id":"manual__2026-07-12T15:23:42.310906+00:00","dag_id":"ecommerce_pipeline","map_index":-1,"try_number":1,"task_id":"pipeline_summary","logger":"airflow.dag_processing.dagbag.BundleDagBag","filename":"dagbag.py","lineno":469}
{"timestamp":"2026-07-12T15:24:00.112007Z","level":"warning","event":"The `airflow.decorators.task` attribute is deprecated. Please use `'airflow.sdk.task'`.","category":"UserWarning","filename":"/opt/airflow/dags/ecommerce_pipeline.py","lineno":2,"ti_id":"019f56ed-5594-7817-bcfd-1e4e310695d6","run_id":"manual__2026-07-12T15:23:42.310906+00:00","dag_id":"ecommerce_pipeline","map_index":-1,"try_number":1,"task_id":"pipeline_summary","logger":"py.warnings"}
{"timestamp":"2026-07-12T15:24:00.135314Z","level":"info","event":"Task instance is in running state","logger":"task.stdout"}
{"timestamp":"2026-07-12T15:24:00.135965Z","level":"info","event":" Previous state of the Task instance: TaskInstanceState.QUEUED","logger":"task.stdout"}
{"timestamp":"2026-07-12T15:24:00.136505Z","level":"info","event":"Current task name:pipeline_summary","logger":"task.stdout"}
{"timestamp":"2026-07-12T15:24:00.136899Z","level":"info","event":"Dag name:ecommerce_pipeline","logger":"task.stdout"}
{"timestamp":"2026-07-12T15:24:00.135561Z","level":"info","event":"::endgroup::","ti_id":"019f56ed-5594-7817-bcfd-1e4e310695d6","run_id":"manual__2026-07-12T15:23:42.310906+00:00","dag_id":"ecommerce_pipeline","map_index":-1,"try_number":1,"task_id":"pipeline_summary","logger":"task","filename":"task_runner.py","lineno":1727}
{"timestamp":"2026-07-12T15:24:00.138392Z","level":"info","event":"============================================================","logger":"task.stdout"}
{"timestamp":"2026-07-12T15:24:00.138894Z","level":"info","event":"PIPELINE SUMMARY","logger":"task.stdout"}
{"timestamp":"2026-07-12T15:24:00.139532Z","level":"info","event":"============================================================","logger":"task.stdout"}
{"timestamp":"2026-07-12T15:24:00.140018Z","level":"info","event":"Orders loaded","logger":"task.stdout"}
{"timestamp":"2026-07-12T15:24:00.140425Z","level":"info","event":"Merge completed","logger":"task.stdout"}
{"timestamp":"2026-07-12T15:24:00.140780Z","level":"info","event":"KPI generated","logger":"task.stdout"}
{"timestamp":"2026-07-12T15:24:00.141210Z","level":"info","event":"CSV report generated","logger":"task.stdout"}
{"timestamp":"2026-07-12T15:24:00.141591Z","level":"info","event":"JSON report generated","logger":"task.stdout"}
{"timestamp":"2026-07-12T15:24:00.141997Z","level":"info","event":"MongoDB updated","logger":"task.stdout"}
{"timestamp":"2026-07-12T15:24:00.142427Z","level":"info","event":"Category analysis completed","logger":"task.stdout"}
{"timestamp":"2026-07-12T15:24:00.137340Z","level":"info","event":"Done. Returned value was: True","ti_id":"019f56ed-5594-7817-bcfd-1e4e310695d6","run_id":"manual__2026-07-12T15:23:42.310906+00:00","dag_id":"ecommerce_pipeline","map_index":-1,"try_number":1,"task_id":"pipeline_summary","logger":"airflow.task.operators.airflow.providers.standard.decorators.python._PythonDecoratedOperator","filename":"python.py","lineno":233}
{"timestamp":"2026-07-12T15:24:00.137672Z","level":"info","event":"::group::Post Execute","ti_id":"019f56ed-5594-7817-bcfd-1e4e310695d6","run_id":"manual__2026-07-12T15:23:42.310906+00:00","dag_id":"ecommerce_pipeline","map_index":-1,"try_number":1,"task_id":"pipeline_summary","logger":"task","filename":"task_runner.py","lineno":1288}
{"timestamp":"2026-07-12T15:24:00.137974Z","level":"info","event":"Pushing xcom","ti":"RuntimeTaskInstance(id=UUID('019f56ed-5594-7817-bcfd-1e4e310695d6'), task_id='pipeline_summary', dag_id='ecommerce_pipeline', run_id='manual__2026-07-12T15:23:42.310906+00:00', try_number=1, dag_version_id=UUID('019f56e4-57d3-727b-9e35-e9efafcc99de'), map_index=-1, hostname='b6ae3380fee5', context_carrier={'traceparent': '00-97c0e3bdfce083ebde434329316f0449-70be6660e0da8729-01'}, task=<Task(_PythonDecoratedOperator): pipeline_summary>, bundle_instance=LocalDagBundle(name=dags-folder), max_tries=0, start_date=datetime.datetime(2026, 7, 12, 15, 23, 59, 615936, tzinfo=datetime.timezone.utc), end_date=None, state=<TaskInstanceState.RUNNING: 'running'>, is_mapped=False, rendered_map_index=None, sentry_integration='')","ti_id":"019f56ed-5594-7817-bcfd-1e4e310695d6","run_id":"manual__2026-07-12T15:23:42.310906+00:00","dag_id":"ecommerce_pipeline","map_index":-1,"try_number":1,"task_id":"pipeline_summary","logger":"task","filename":"task_runner.py","lineno":1791}
{"timestamp":"2026-07-12T15:24:06.735210Z","level":"info","event":"Task instance in success state","logger":"task.stdout"}
{"timestamp":"2026-07-12T15:24:06.735963Z","level":"info","event":" Previous state of the Task instance: TaskInstanceState.RUNNING","logger":"task.stdout"}
{"timestamp":"2026-07-12T15:24:06.736579Z","level":"info","event":"Task operator:<Task(_PythonDecoratedOperator): pipeline_summary>","logger":"task.stdout"}
{"timestamp":"2026-07-12T15:24:06.735481Z","level":"info","event":"::endgroup::","ti_id":"019f56ed-5594-7817-bcfd-1e4e310695d6","run_id":"manual__2026-07-12T15:23:42.310906+00:00","dag_id":"ecommerce_pipeline","map_index":-1,"try_number":1,"task_id":"pipeline_summary","logger":"task","filename":"task_runner.py","lineno":1896}
