{"timestamp":"2026-07-12T14:06:07.808763Z","level":"info","event":"::group::Pre Execute","logger":"task","filename":"task_runner.py","lineno":1926}
{"timestamp":"2026-07-12T14:06:08.232832Z","level":"info","event":"DAG bundles loaded: dags-folder, example_dags","ti_id":"019f56a6-3d9b-7581-af8c-67bca5592817","task_id":"merge_data","try_number":1,"dag_id":"ecommerce_pipeline","map_index":-1,"run_id":"manual__2026-07-12T14:06:03.146290+00:00","logger":"airflow.dag_processing.bundles.manager.DagBundlesManager","filename":"manager.py","lineno":209}
{"timestamp":"2026-07-12T14:06:08.235896Z","level":"info","event":"Filling up the DagBag from /opt/airflow/dags/ecommerce_pipeline.py","ti_id":"019f56a6-3d9b-7581-af8c-67bca5592817","task_id":"merge_data","try_number":1,"dag_id":"ecommerce_pipeline","map_index":-1,"run_id":"manual__2026-07-12T14:06:03.146290+00:00","logger":"airflow.dag_processing.dagbag.BundleDagBag","filename":"dagbag.py","lineno":469}
{"timestamp":"2026-07-12T14:06:08.268157Z","level":"warning","event":"The `airflow.decorators.task` attribute is deprecated. Please use `'airflow.sdk.task'`.","category":"UserWarning","filename":"/opt/airflow/dags/ecommerce_pipeline.py","lineno":2,"ti_id":"019f56a6-3d9b-7581-af8c-67bca5592817","task_id":"merge_data","try_number":1,"dag_id":"ecommerce_pipeline","map_index":-1,"run_id":"manual__2026-07-12T14:06:03.146290+00:00","logger":"py.warnings"}
{"timestamp":"2026-07-12T14:06:08.292412Z","level":"info","event":"Task instance is in running state","logger":"task.stdout"}
{"timestamp":"2026-07-12T14:06:08.293210Z","level":"info","event":" Previous state of the Task instance: TaskInstanceState.QUEUED","logger":"task.stdout"}
{"timestamp":"2026-07-12T14:06:08.293927Z","level":"info","event":"Current task name:merge_data","logger":"task.stdout"}
{"timestamp":"2026-07-12T14:06:08.294569Z","level":"info","event":"Dag name:ecommerce_pipeline","logger":"task.stdout"}
{"timestamp":"2026-07-12T14:06:08.292181Z","level":"info","event":"::endgroup::","ti_id":"019f56a6-3d9b-7581-af8c-67bca5592817","task_id":"merge_data","try_number":1,"dag_id":"ecommerce_pipeline","map_index":-1,"run_id":"manual__2026-07-12T14:06:03.146290+00:00","logger":"task","filename":"task_runner.py","lineno":1727}
{"timestamp":"2026-07-12T14:06:09.876889Z","level":"info","event":"                           order_id  ... product_width_cm","logger":"task.stdout"}
{"timestamp":"2026-07-12T14:06:09.878135Z","level":"info","event":"0  e481f51cbdc54678b7cc49136f2d6af7  ...             13.0","logger":"task.stdout"}
{"timestamp":"2026-07-12T14:06:09.879025Z","level":"info","event":"1  53cdb2fc8bc7dce0b6741e2150273451  ...             19.0","logger":"task.stdout"}
{"timestamp":"2026-07-12T14:06:09.879746Z","level":"info","event":"2  47770eb9100c2d0c44946d9cf07ec65d  ...             21.0","logger":"task.stdout"}
{"timestamp":"2026-07-12T14:06:09.880508Z","level":"info","event":"3  949d5b44dbf5de918fe9c16f97b45f8a  ...             20.0","logger":"task.stdout"}
{"timestamp":"2026-07-12T14:06:09.881349Z","level":"info","event":"4  ad21c59c0840e6cb83a9ceb5573f8159  ...             15.0","logger":"task.stdout"}
{"timestamp":"2026-07-12T14:06:09.882217Z","level":"info","event":"","logger":"task.stdout"}
{"timestamp":"2026-07-12T14:06:09.883420Z","level":"info","event":"[5 rows x 22 columns]","logger":"task.stdout"}
{"timestamp":"2026-07-12T14:06:09.884298Z","level":"info","event":"Nombre de lignes : 112650","logger":"task.stdout"}
{"timestamp":"2026-07-12T14:06:09.884948Z","level":"info","event":"Nombre de colonnes : 22","logger":"task.stdout"}
{"timestamp":"2026-07-12T14:06:09.914910Z","level":"info","event":"Done. Returned value was: {'rows': 112650, 'columns': 22}","ti_id":"019f56a6-3d9b-7581-af8c-67bca5592817","task_id":"merge_data","try_number":1,"dag_id":"ecommerce_pipeline","map_index":-1,"run_id":"manual__2026-07-12T14:06:03.146290+00:00","logger":"airflow.task.operators.airflow.providers.standard.decorators.python._PythonDecoratedOperator","filename":"python.py","lineno":233}
{"timestamp":"2026-07-12T14:06:09.915328Z","level":"info","event":"::group::Post Execute","ti_id":"019f56a6-3d9b-7581-af8c-67bca5592817","task_id":"merge_data","try_number":1,"dag_id":"ecommerce_pipeline","map_index":-1,"run_id":"manual__2026-07-12T14:06:03.146290+00:00","logger":"task","filename":"task_runner.py","lineno":1288}
{"timestamp":"2026-07-12T14:06:09.916265Z","level":"info","event":"Pushing xcom","ti":"RuntimeTaskInstance(id=UUID('019f56a6-3d9b-7581-af8c-67bca5592817'), task_id='merge_data', dag_id='ecommerce_pipeline', run_id='manual__2026-07-12T14:06:03.146290+00:00', try_number=1, dag_version_id=UUID('019f56a5-03b2-7d94-a78f-7d309a6d6628'), map_index=-1, hostname='feb86900a43e', context_carrier={'traceparent': '00-53b0ab7cb0da77da89a9270d37580173-7c3ec8438857f61f-01'}, task=<Task(_PythonDecoratedOperator): merge_data>, bundle_instance=LocalDagBundle(name=dags-folder), max_tries=0, start_date=datetime.datetime(2026, 7, 12, 14, 6, 7, 814425, tzinfo=datetime.timezone.utc), end_date=None, state=<TaskInstanceState.RUNNING: 'running'>, is_mapped=False, rendered_map_index=None, sentry_integration='')","ti_id":"019f56a6-3d9b-7581-af8c-67bca5592817","task_id":"merge_data","try_number":1,"dag_id":"ecommerce_pipeline","map_index":-1,"run_id":"manual__2026-07-12T14:06:03.146290+00:00","logger":"task","filename":"task_runner.py","lineno":1791}
{"timestamp":"2026-07-12T14:06:10.004236Z","level":"info","event":"Task instance in success state","logger":"task.stdout"}
{"timestamp":"2026-07-12T14:06:10.004788Z","level":"info","event":" Previous state of the Task instance: TaskInstanceState.RUNNING","logger":"task.stdout"}
{"timestamp":"2026-07-12T14:06:10.005383Z","level":"info","event":"Task operator:<Task(_PythonDecoratedOperator): merge_data>","logger":"task.stdout"}
{"timestamp":"2026-07-12T14:06:10.004568Z","level":"info","event":"::endgroup::","ti_id":"019f56a6-3d9b-7581-af8c-67bca5592817","task_id":"merge_data","try_number":1,"dag_id":"ecommerce_pipeline","map_index":-1,"run_id":"manual__2026-07-12T14:06:03.146290+00:00","logger":"task","filename":"task_runner.py","lineno":1896}
