{"timestamp":"2026-07-12T14:18:31.239376Z","level":"info","event":"::group::Pre Execute","logger":"task","filename":"task_runner.py","lineno":1926}
{"timestamp":"2026-07-12T14:18:31.661738Z","level":"info","event":"DAG bundles loaded: dags-folder, example_dags","try_number":1,"task_id":"compute_kpis","run_id":"manual__2026-07-12T14:18:25.109941+00:00","dag_id":"ecommerce_pipeline","map_index":-1,"ti_id":"019f56b1-8ff0-734a-8b60-369c2aa05c24","logger":"airflow.dag_processing.bundles.manager.DagBundlesManager","filename":"manager.py","lineno":209}
{"timestamp":"2026-07-12T14:18:31.666266Z","level":"info","event":"Filling up the DagBag from /opt/airflow/dags/ecommerce_pipeline.py","try_number":1,"task_id":"compute_kpis","run_id":"manual__2026-07-12T14:18:25.109941+00:00","dag_id":"ecommerce_pipeline","map_index":-1,"ti_id":"019f56b1-8ff0-734a-8b60-369c2aa05c24","logger":"airflow.dag_processing.dagbag.BundleDagBag","filename":"dagbag.py","lineno":469}
{"timestamp":"2026-07-12T14:18:31.912215Z","level":"warning","event":"The `airflow.decorators.task` attribute is deprecated. Please use `'airflow.sdk.task'`.","category":"UserWarning","filename":"/opt/airflow/dags/ecommerce_pipeline.py","lineno":2,"try_number":1,"task_id":"compute_kpis","run_id":"manual__2026-07-12T14:18:25.109941+00:00","dag_id":"ecommerce_pipeline","map_index":-1,"ti_id":"019f56b1-8ff0-734a-8b60-369c2aa05c24","logger":"py.warnings"}
{"timestamp":"2026-07-12T14:18:31.941658Z","level":"info","event":"Task instance is in running state","logger":"task.stdout"}
{"timestamp":"2026-07-12T14:18:31.942535Z","level":"info","event":" Previous state of the Task instance: TaskInstanceState.QUEUED","logger":"task.stdout"}
{"timestamp":"2026-07-12T14:18:31.943241Z","level":"info","event":"Current task name:compute_kpis","logger":"task.stdout"}
{"timestamp":"2026-07-12T14:18:31.943699Z","level":"info","event":"Dag name:ecommerce_pipeline","logger":"task.stdout"}
{"timestamp":"2026-07-12T14:18:31.942015Z","level":"info","event":"::endgroup::","try_number":1,"task_id":"compute_kpis","run_id":"manual__2026-07-12T14:18:25.109941+00:00","dag_id":"ecommerce_pipeline","map_index":-1,"ti_id":"019f56b1-8ff0-734a-8b60-369c2aa05c24","logger":"task","filename":"task_runner.py","lineno":1727}
{"timestamp":"2026-07-12T14:18:33.145849Z","level":"info","event":"Nombre de commandes : 98666","logger":"task.stdout"}
{"timestamp":"2026-07-12T14:18:33.146881Z","level":"info","event":"Chiffre d'affaires : 13591643.7","logger":"task.stdout"}
{"timestamp":"2026-07-12T14:18:33.147762Z","level":"info","event":"Prix moyen : 120.65","logger":"task.stdout"}
{"timestamp":"2026-07-12T14:18:33.148427Z","level":"info","event":"Produit le plus vendu :","logger":"task.stdout"}
{"timestamp":"2026-07-12T14:18:33.149366Z","level":"info","event":"product_id","logger":"task.stdout"}
{"timestamp":"2026-07-12T14:18:33.149966Z","level":"info","event":"aca2eb7d00ea1a7b8ebd4e68314663af    527","logger":"task.stdout"}
{"timestamp":"2026-07-12T14:18:33.150610Z","level":"info","event":"dtype: int64","logger":"task.stdout"}
{"timestamp":"2026-07-12T14:18:33.151204Z","level":"info","event":"Catégorie la plus vendue :","logger":"task.stdout"}
{"timestamp":"2026-07-12T14:18:33.151941Z","level":"info","event":"product_category_name","logger":"task.stdout"}
{"timestamp":"2026-07-12T14:18:33.152669Z","level":"info","event":"cama_mesa_banho    11115","logger":"task.stdout"}
{"timestamp":"2026-07-12T14:18:33.153252Z","level":"info","event":"dtype: int64","logger":"task.stdout"}
{"timestamp":"2026-07-12T14:18:33.178848Z","level":"info","event":"Done. Returned value was: {'orders': 98666, 'sales': 13591643.700000001, 'avg_price': 120.65373901464714}","try_number":1,"task_id":"compute_kpis","run_id":"manual__2026-07-12T14:18:25.109941+00:00","dag_id":"ecommerce_pipeline","map_index":-1,"ti_id":"019f56b1-8ff0-734a-8b60-369c2aa05c24","logger":"airflow.task.operators.airflow.providers.standard.decorators.python._PythonDecoratedOperator","filename":"python.py","lineno":233}
{"timestamp":"2026-07-12T14:18:33.179142Z","level":"info","event":"::group::Post Execute","try_number":1,"task_id":"compute_kpis","run_id":"manual__2026-07-12T14:18:25.109941+00:00","dag_id":"ecommerce_pipeline","map_index":-1,"ti_id":"019f56b1-8ff0-734a-8b60-369c2aa05c24","logger":"task","filename":"task_runner.py","lineno":1288}
{"timestamp":"2026-07-12T14:18:33.179349Z","level":"info","event":"Pushing xcom","ti":"RuntimeTaskInstance(id=UUID('019f56b1-8ff0-734a-8b60-369c2aa05c24'), task_id='compute_kpis', dag_id='ecommerce_pipeline', run_id='manual__2026-07-12T14:18:25.109941+00:00', try_number=1, dag_version_id=UUID('019f56af-6900-788f-93bb-34c654efa365'), map_index=-1, hostname='feb86900a43e', context_carrier={'traceparent': '00-ead67eaf2829e88e41df222a560e80a2-e50162cb2d71af59-01'}, task=<Task(_PythonDecoratedOperator): compute_kpis>, bundle_instance=LocalDagBundle(name=dags-folder), max_tries=0, start_date=datetime.datetime(2026, 7, 12, 14, 18, 31, 244158, tzinfo=datetime.timezone.utc), end_date=None, state=<TaskInstanceState.RUNNING: 'running'>, is_mapped=False, rendered_map_index=None, sentry_integration='')","try_number":1,"task_id":"compute_kpis","run_id":"manual__2026-07-12T14:18:25.109941+00:00","dag_id":"ecommerce_pipeline","map_index":-1,"ti_id":"019f56b1-8ff0-734a-8b60-369c2aa05c24","logger":"task","filename":"task_runner.py","lineno":1791}
{"timestamp":"2026-07-12T14:18:33.222442Z","level":"info","event":"Task instance in success state","logger":"task.stdout"}
{"timestamp":"2026-07-12T14:18:33.223500Z","level":"info","event":" Previous state of the Task instance: TaskInstanceState.RUNNING","logger":"task.stdout"}
{"timestamp":"2026-07-12T14:18:33.224582Z","level":"info","event":"Task operator:<Task(_PythonDecoratedOperator): compute_kpis>","logger":"task.stdout"}
{"timestamp":"2026-07-12T14:18:33.222822Z","level":"info","event":"::endgroup::","try_number":1,"task_id":"compute_kpis","run_id":"manual__2026-07-12T14:18:25.109941+00:00","dag_id":"ecommerce_pipeline","map_index":-1,"ti_id":"019f56b1-8ff0-734a-8b60-369c2aa05c24","logger":"task","filename":"task_runner.py","lineno":1896}
